Archive member included to satisfy reference by file (symbol)

/opt/bolos-env/gcc-arm-none-eabi-5_3-2016q1/bin/../lib/gcc/arm-none-eabi/5.3.1/armv6-m/libgcc.a(_udivsi3.o)
                              obj/monero_key.o (__aeabi_uidiv)
/opt/bolos-env/gcc-arm-none-eabi-5_3-2016q1/bin/../lib/gcc/arm-none-eabi/5.3.1/armv6-m/libgcc.a(_dvmd_tls.o)
                              /opt/bolos-env/gcc-arm-none-eabi-5_3-2016q1/bin/../lib/gcc/arm-none-eabi/5.3.1/armv6-m/libgcc.a(_udivsi3.o) (__aeabi_idiv0)
/opt/bolos-env/gcc-arm-none-eabi-5_3-2016q1/bin/../lib/gcc/arm-none-eabi/5.3.1/armv6-m/libgcc.a(_ashldi3.o)
                              obj/monero_crypto.o (__aeabi_llsl)
/opt/bolos-env/gcc-arm-none-eabi-5_3-2016q1/bin/../lib/gcc/arm-none-eabi/5.3.1/armv6-m/libgcc.a(_aeabi_uldivmod.o)
                              obj/monero_crypto.o (__aeabi_uldivmod)
/opt/bolos-env/gcc-arm-none-eabi-5_3-2016q1/bin/../lib/gcc/arm-none-eabi/5.3.1/armv6-m/libgcc.a(_muldi3.o)
                              obj/monero_crypto.o (__aeabi_lmul)
/opt/bolos-env/gcc-arm-none-eabi-5_3-2016q1/bin/../lib/gcc/arm-none-eabi/5.3.1/armv6-m/libgcc.a(_udivmoddi4.o)
                              /opt/bolos-env/gcc-arm-none-eabi-5_3-2016q1/bin/../lib/gcc/arm-none-eabi/5.3.1/armv6-m/libgcc.a(_aeabi_uldivmod.o) (__udivmoddi4)
/opt/bolos-env/gcc-arm-none-eabi-5_3-2016q1/bin/../lib/gcc/arm-none-eabi/5.3.1/armv6-m/libgcc.a(_clzdi2.o)
                              /opt/bolos-env/gcc-arm-none-eabi-5_3-2016q1/bin/../lib/gcc/arm-none-eabi/5.3.1/armv6-m/libgcc.a(_udivmoddi4.o) (__clzdi2)
/opt/bolos-env/gcc-arm-none-eabi-5_3-2016q1/bin/../lib/gcc/arm-none-eabi/5.3.1/armv6-m/libgcc.a(_clzsi2.o)
                              /opt/bolos-env/gcc-arm-none-eabi-5_3-2016q1/bin/../lib/gcc/arm-none-eabi/5.3.1/armv6-m/libgcc.a(_clzdi2.o) (__clzsi2)
/opt/bolos-env/gcc-arm-none-eabi-5_3-2016q1/bin/../lib/gcc/arm-none-eabi/5.3.1/../../../../arm-none-eabi/lib/armv6-m/libc.a(lib_a-aeabi_memclr.o)
                              obj/os.o (__aeabi_memclr)
/opt/bolos-env/gcc-arm-none-eabi-5_3-2016q1/bin/../lib/gcc/arm-none-eabi/5.3.1/../../../../arm-none-eabi/lib/armv6-m/libc.a(lib_a-aeabi_memcpy.o)
                              obj/monero_ux_nanos.o (__aeabi_memcpy)
/opt/bolos-env/gcc-arm-none-eabi-5_3-2016q1/bin/../lib/gcc/arm-none-eabi/5.3.1/../../../../arm-none-eabi/lib/armv6-m/libc.a(lib_a-aeabi_memset.o)
                              obj/os.o (__aeabi_memset)
/opt/bolos-env/gcc-arm-none-eabi-5_3-2016q1/bin/../lib/gcc/arm-none-eabi/5.3.1/../../../../arm-none-eabi/lib/armv6-m/libc.a(lib_a-memcpy-stub.o)
                              /opt/bolos-env/gcc-arm-none-eabi-5_3-2016q1/bin/../lib/gcc/arm-none-eabi/5.3.1/../../../../arm-none-eabi/lib/armv6-m/libc.a(lib_a-aeabi_memcpy.o) (memcpy)
/opt/bolos-env/gcc-arm-none-eabi-5_3-2016q1/bin/../lib/gcc/arm-none-eabi/5.3.1/../../../../arm-none-eabi/lib/armv6-m/libc.a(lib_a-memset.o)
                              /opt/bolos-env/gcc-arm-none-eabi-5_3-2016q1/bin/../lib/gcc/arm-none-eabi/5.3.1/../../../../arm-none-eabi/lib/armv6-m/libc.a(lib_a-aeabi_memset.o) (memset)
/opt/bolos-env/gcc-arm-none-eabi-5_3-2016q1/bin/../lib/gcc/arm-none-eabi/5.3.1/../../../../arm-none-eabi/lib/armv6-m/libc.a(lib_a-setjmp.o)
                              obj/monero_main.o (setjmp)
/opt/bolos-env/gcc-arm-none-eabi-5_3-2016q1/bin/../lib/gcc/arm-none-eabi/5.3.1/../../../../arm-none-eabi/lib/armv6-m/libc.a(lib_a-strlen-stub.o)
                              obj/os_io_seproxyhal.o (strlen)

Discarded input sections

 .text          0x00000000        0x0 obj/cx_compliance_141.o
 .comment       0x00000000       0x2e obj/cx_compliance_141.o
 .note.GNU-stack
                0x00000000        0x0 obj/cx_compliance_141.o
 .ARM.attributes
                0x00000000       0x41 obj/cx_compliance_141.o
 .llvm_addrsig  0x00000000        0x0 obj/cx_compliance_141.o
 .text          0x00000000        0x0 obj/glyphs.o
 .llvm_addrsig  0x00000000        0x4 obj/glyphs.o
 .text          0x00000000        0x0 obj/monero_blind.o
 .llvm_addrsig  0x00000000        0x0 obj/monero_blind.o
 .text          0x00000000        0x0 obj/monero_crypto.o
 .text.monero_aes_generate
                0x00000000       0x20 obj/monero_crypto.o
 .ARM.exidx.text.monero_aes_generate
                0x00000000        0x8 obj/monero_crypto.o
 .text.monero_reverse32
                0x00000000       0x18 obj/monero_crypto.o
 .ARM.exidx.text.monero_reverse32
                0x00000000        0x8 obj/monero_crypto.o
 .text.monero_ecmul_8k
                0x00000000       0x20 obj/monero_crypto.o
 .ARM.exidx.text.monero_ecmul_8k
                0x00000000        0x8 obj/monero_crypto.o
 .text.monero_bamount2str
                0x00000000       0x2e obj/monero_crypto.o
 .ARM.exidx.text.monero_bamount2str
                0x00000000        0x8 obj/monero_crypto.o
 .rodata.C_EIGHT
                0x00000000       0x20 obj/monero_crypto.o
 .llvm_addrsig  0x00000000       0x1c obj/monero_crypto.o
[...]
Memory Configuration

Name             Origin             Length             Attributes
DISCARD          0xd0000000         0x00100000         xrw
FLASH            0xc0d00000         0x00064000         xr
SRAM             0x20001800         0x00001000         xrw
*default*        0x00000000         0xffffffff

Linker script and memory map

LOAD obj/cx_compliance_141.o
LOAD obj/glyphs.o
LOAD obj/monero_blind.o
LOAD obj/monero_crypto.o
LOAD obj/monero_dispatch.o
LOAD obj/monero_init.o
LOAD obj/monero_io.o
LOAD obj/monero_key.o
LOAD obj/monero_main.o
LOAD obj/monero_mlsag.o
LOAD obj/monero_monero.o
LOAD obj/monero_nvram.o
LOAD obj/monero_open_tx.o
LOAD obj/monero_prehash.o
LOAD obj/monero_ram.o
LOAD obj/monero_stealth.o
LOAD obj/monero_ux_msg.o
LOAD obj/monero_ux_nanos.o
LOAD obj/os.o
LOAD obj/os_io_seproxyhal.o
LOAD obj/os_printf.o
LOAD obj/pic.o
LOAD obj/pic_internal.o
LOAD obj/syscalls.o
LOAD obj/tcr.o
LOAD obj/u2f_impl.o
LOAD obj/u2f_io.o
LOAD obj/u2f_transport.o
LOAD obj/usbd_ccid_cmd.o
LOAD obj/usbd_ccid_core.o
LOAD obj/usbd_ccid_if.o
LOAD obj/usbd_conf.o
LOAD obj/usbd_core.o
LOAD obj/usbd_ctlreq.o
LOAD obj/usbd_hid.o
LOAD obj/usbd_impl.o
LOAD obj/usbd_ioreq.o
LOAD /opt/bolos-env/gcc-arm-none-eabi-5_3-2016q1/bin/../lib/gcc/arm-none-eabi/5.3.1/../../../../arm-none-eabi/lib/armv6-m/libm.a
LOAD /opt/bolos-env/gcc-arm-none-eabi-5_3-2016q1/bin/../lib/gcc/arm-none-eabi/5.3.1/armv6-m/libgcc.a
LOAD /opt/bolos-env/gcc-arm-none-eabi-5_3-2016q1/bin/../lib/gcc/arm-none-eabi/5.3.1/../../../../arm-none-eabi/lib/armv6-m/libc.a
START GROUP
LOAD /opt/bolos-env/gcc-arm-none-eabi-5_3-2016q1/bin/../lib/gcc/arm-none-eabi/5.3.1/armv6-m/libgcc.a
LOAD /opt/bolos-env/gcc-arm-none-eabi-5_3-2016q1/bin/../lib/gcc/arm-none-eabi/5.3.1/../../../../arm-none-eabi/lib/armv6-m/libg.a
LOAD /opt/bolos-env/gcc-arm-none-eabi-5_3-2016q1/bin/../lib/gcc/arm-none-eabi/5.3.1/../../../../arm-none-eabi/lib/armv6-m/libc.a
END GROUP
                0x00000040                PAGE_SIZE = 0x40
                0x00000300                STACK_SIZE = 0x300
                0x20002800                END_STACK = (ORIGIN (SRAM) + LENGTH (SRAM))

.text           0xc0d00000     0x7e80
                0xc0d00000                _text = .
                0xc0d00000                _nvram = .
                [!provide]                PROVIDE (_setjmp, setjmp)
 *(.boot*)
 .boot          0xc0d00000       0x54 obj/monero_main.o
                0xc0d00000                main
 *(.text*)
 .text.monero_apdu_blind
                0xc0d00054       0xa8 obj/monero_blind.o
                0xc0d00054                monero_apdu_blind
 .text.monero_unblind
                0xc0d000fc       0x60 obj/monero_blind.o
                0xc0d000fc                monero_unblind
 .text.monero_apdu_unblind
                0xc0d0015c       0x5c obj/monero_blind.o
                0xc0d0015c                monero_apdu_unblind
 .text.monero_apdu_gen_commitment_mask
                0xc0d001b8       0x30 obj/monero_blind.o
                0xc0d001b8                monero_apdu_gen_commitment_mask
 .text.monero_aes_derive
                0xc0d001e8       0xa8 obj/monero_crypto.o
                0xc0d001e8                monero_aes_derive
 .text.monero_hash_init_keccak
                0xc0d00290        0xc obj/monero_crypto.o
                0xc0d00290                monero_hash_init_keccak
 .text.monero_hash_update
                0xc0d0029c       0x18 obj/monero_crypto.o
                0xc0d0029c                monero_hash_update
 .text.monero_hash_final
                0xc0d002b4       0x18 obj/monero_crypto.o
                0xc0d002b4                monero_hash_final
 .text.monero_hash
                0xc0d002cc       0x40 obj/monero_crypto.o
                0xc0d002cc                monero_hash
 .text.monero_rng
                0xc0d0030c        0x8 obj/monero_crypto.o
                0xc0d0030c                monero_rng
 .text.monero_encode_varint
                0xc0d00314       0x22 obj/monero_crypto.o
                0xc0d00314                monero_encode_varint
 .text.monero_hash_init_sha256
                0xc0d00336        0x8 obj/monero_crypto.o
                0xc0d00336                monero_hash_init_sha256
 *fill*         0xc0d0033e        0x2 00
 .text.monero_hash_to_scalar
                0xc0d00340       0x48 obj/monero_crypto.o
                0xc0d00340                monero_hash_to_scalar
 .text.monero_reduce
                0xc0d00388       0x48 obj/monero_crypto.o
                0xc0d00388                monero_reduce
 .text.monero_hash_to_ec
                0xc0d003d0      0x3e0 obj/monero_crypto.o
                0xc0d003d0                monero_hash_to_ec
 .text.monero_ecmul_8
                0xc0d007b0       0x6c obj/monero_crypto.o
                0xc0d007b0                monero_ecmul_8
 .text.monero_generate_keypair
                0xc0d0081c       0x20 obj/monero_crypto.o
                0xc0d0081c                monero_generate_keypair
 .text.monero_ecmul_G
                0xc0d0083c       0x5c obj/monero_crypto.o
                0xc0d0083c                monero_ecmul_G
 .text.monero_generate_key_derivation
                0xc0d00898       0x20 obj/monero_crypto.o
                0xc0d00898                monero_generate_key_derivation
 .text.monero_derivation_to_scalar
                0xc0d008b8       0x78 obj/monero_crypto.o
                0xc0d008b8                monero_derivation_to_scalar
 .text.monero_derive_secret_key
                0xc0d00930       0x1e obj/monero_crypto.o
                0xc0d00930                monero_derive_secret_key
 *fill*         0xc0d0094e        0x2 00
 .text.monero_addm
                0xc0d00950       0x64 obj/monero_crypto.o
                0xc0d00950                monero_addm
 .text.monero_derive_public_key
                0xc0d009b4       0x26 obj/monero_crypto.o
                0xc0d009b4                monero_derive_public_key
 .text.monero_ecadd
                0xc0d009da       0x6a obj/monero_crypto.o
                0xc0d009da                monero_ecadd
 .text.monero_secret_key_to_public_key
                0xc0d00a44        0x8 obj/monero_crypto.o
                0xc0d00a44                monero_secret_key_to_public_key
 .text.monero_generate_key_image
                0xc0d00a4c       0x1e obj/monero_crypto.o
                0xc0d00a4c                monero_generate_key_image
 .text.monero_ecmul_k
                0xc0d00a6a       0x62 obj/monero_crypto.o
                0xc0d00a6a                monero_ecmul_k
 .text.monero_derive_subaddress_public_key
                0xc0d00acc       0x2a obj/monero_crypto.o
                0xc0d00acc                monero_derive_subaddress_public_key
 *fill*         0xc0d00af6        0x2 00
 .text.monero_ecsub
                0xc0d00af8       0x84 obj/monero_crypto.o
                0xc0d00af8                monero_ecsub
 .text.monero_get_subaddress_spend_public_key
                0xc0d00b7c       0x30 obj/monero_crypto.o
                0xc0d00b7c                monero_get_subaddress_spend_public_key
 .text.monero_get_subaddress_secret_key
                0xc0d00bac       0x74 obj/monero_crypto.o
                0xc0d00bac                monero_get_subaddress_secret_key
 .text.monero_get_subaddress
                0xc0d00c20       0x24 obj/monero_crypto.o
                0xc0d00c20                monero_get_subaddress
 .text.monero_ecmul_H
                0xc0d00c44       0x6c obj/monero_crypto.o
                0xc0d00c44                monero_ecmul_H
 .text.monero_multm_8
                0xc0d00cb0       0x5c obj/monero_crypto.o
                0xc0d00cb0                monero_multm_8
 .text.monero_ecdhHash
                0xc0d00d0c       0x5c obj/monero_crypto.o
                0xc0d00d0c                monero_ecdhHash
 .text.monero_genCommitmentMask
                0xc0d00d68       0x34 obj/monero_crypto.o
                0xc0d00d68                monero_genCommitmentMask
 .text.monero_subm
                0xc0d00d9c       0x64 obj/monero_crypto.o
                0xc0d00d9c                monero_subm
 .text.monero_multm
                0xc0d00e00       0x64 obj/monero_crypto.o
                0xc0d00e00                monero_multm
 .text.monero_amount2str
                0xc0d00e64       0xe6 obj/monero_crypto.o
                0xc0d00e64                monero_amount2str
 .text.monero_bamount2uint64
                0xc0d00f4a       0x22 obj/monero_crypto.o
                0xc0d00f4a                monero_bamount2uint64
 .text.monero_vamount2uint64
                0xc0d00f6c       0x5c obj/monero_crypto.o
                0xc0d00f6c                monero_vamount2uint64
 .text.monero_vamount2str
                0xc0d00fc8       0x14 obj/monero_crypto.o
                0xc0d00fc8                monero_vamount2str
 .text.check_potocol
                0xc0d00fdc       0x2c obj/monero_dispatch.o
                0xc0d00fdc                check_potocol
 .text.check_ins_access
                0xc0d01008       0x9c obj/monero_dispatch.o
                0xc0d01008                check_ins_access
 .text.monero_dispatch
                0xc0d010a4      0x200 obj/monero_dispatch.o
                0xc0d010a4                monero_dispatch
 .text.monero_init
                0xc0d012a4       0x48 obj/monero_init.o
                0xc0d012a4                monero_init
 .text.monero_install
                0xc0d012ec       0x60 obj/monero_init.o
                0xc0d012ec                monero_install
 .text.monero_init_private_key
                0xc0d0134c      0x114 obj/monero_init.o
                0xc0d0134c                monero_init_private_key
 .text.monero_io_inserted
                0xc0d01460       0x14 obj/monero_io.o
                0xc0d01460                monero_io_inserted
 .text.monero_io_discard
                0xc0d01474       0x24 obj/monero_io.o
                0xc0d01474                monero_io_discard
 .text.monero_io_hole
                0xc0d01498       0x34 obj/monero_io.o
                0xc0d01498                monero_io_hole
 .text.monero_io_insert
                0xc0d014cc       0x28 obj/monero_io.o
                0xc0d014cc                monero_io_insert
 .text.monero_io_insert_encrypt
                0xc0d014f4       0x38 obj/monero_io.o
                0xc0d014f4                monero_io_insert_encrypt
 .text.monero_io_insert_u32
                0xc0d0152c       0x28 obj/monero_io.o
                0xc0d0152c                monero_io_insert_u32
 .text.monero_io_insert_u16
                0xc0d01554       0x20 obj/monero_io.o
                0xc0d01554                monero_io_insert_u16
 .text.monero_io_insert_u8
                0xc0d01574       0x1c obj/monero_io.o
                0xc0d01574                monero_io_insert_u8
 .text.monero_io_fetch
                0xc0d01590       0x38 obj/monero_io.o
                0xc0d01590                monero_io_fetch
 .text.monero_io_fetch_decrypt
                0xc0d015c8       0x44 obj/monero_io.o
                0xc0d015c8                monero_io_fetch_decrypt
 .text.monero_io_fetch_decrypt_key
                0xc0d0160c       0x64 obj/monero_io.o
                0xc0d0160c                monero_io_fetch_decrypt_key
 .text.monero_io_fetch_u32
                0xc0d01670       0x38 obj/monero_io.o
                0xc0d01670                monero_io_fetch_u32
 .text.monero_io_fetch_u8
                0xc0d016a8       0x24 obj/monero_io.o
                0xc0d016a8                monero_io_fetch_u8
 .text.monero_io_do
                0xc0d016cc       0x7c obj/monero_io.o
                0xc0d016cc                monero_io_do
 .text.monero_clear_words
                0xc0d01748       0x24 obj/monero_key.o
                0xc0d01748                monero_clear_words
 .text.monero_apdu_manage_seedwords
                0xc0d0176c      0x21c obj/monero_key.o
                0xc0d0176c                monero_apdu_manage_seedwords
 .text.monero_apdu_put_key
                0xc0d01988       0xc8 obj/monero_key.o
                0xc0d01988                monero_apdu_put_key
 .text.monero_apdu_get_key
                0xc0d01a50       0x68 obj/monero_key.o
                0xc0d01a50                monero_apdu_get_key
 .text.monero_apdu_verify_key
                0xc0d01ab8       0x70 obj/monero_key.o
                0xc0d01ab8                monero_apdu_verify_key
 .text.monero_apdu_get_chacha8_prekey
                0xc0d01b28       0x64 obj/monero_key.o
                0xc0d01b28                monero_apdu_get_chacha8_prekey
 .text.monero_apdu_sc_add
                0xc0d01b8c       0x3c obj/monero_key.o
                0xc0d01b8c                monero_apdu_sc_add
 .text.monero_apdu_sc_sub
                0xc0d01bc8       0x3c obj/monero_key.o
                0xc0d01bc8                monero_apdu_sc_sub
 .text.monero_apdu_scal_mul_key
                0xc0d01c04       0x3c obj/monero_key.o
                0xc0d01c04                monero_apdu_scal_mul_key
 .text.monero_apdu_scal_mul_base
                0xc0d01c40       0x30 obj/monero_key.o
                0xc0d01c40                monero_apdu_scal_mul_base
 .text.monero_apdu_generate_keypair
                0xc0d01c70       0x30 obj/monero_key.o
                0xc0d01c70                monero_apdu_generate_keypair
 .text.monero_apdu_secret_key_to_public_key
                0xc0d01ca0       0x30 obj/monero_key.o
                0xc0d01ca0                monero_apdu_secret_key_to_public_key
 .text.monero_apdu_generate_key_derivation
                0xc0d01cd0       0x3a obj/monero_key.o
                0xc0d01cd0                monero_apdu_generate_key_derivation
 .text.monero_apdu_derivation_to_scalar
                0xc0d01d0a       0x38 obj/monero_key.o
                0xc0d01d0a                monero_apdu_derivation_to_scalar
 .text.monero_apdu_derive_public_key
                0xc0d01d42       0x44 obj/monero_key.o
                0xc0d01d42                monero_apdu_derive_public_key
 .text.monero_apdu_derive_secret_key
                0xc0d01d86       0x42 obj/monero_key.o
                0xc0d01d86                monero_apdu_derive_secret_key
 .text.monero_apdu_generate_key_image
                0xc0d01dc8       0x3c obj/monero_key.o
                0xc0d01dc8                monero_apdu_generate_key_image
 .text.monero_apdu_derive_subaddress_public_key
                0xc0d01e04       0x44 obj/monero_key.o
                0xc0d01e04                monero_apdu_derive_subaddress_public_key
 .text.monero_apdu_get_subaddress
                0xc0d01e48       0x3c obj/monero_key.o
                0xc0d01e48                monero_apdu_get_subaddress
 .text.monero_apdu_get_subaddress_spend_public_key
                0xc0d01e84       0x2e obj/monero_key.o
                0xc0d01e84                monero_apdu_get_subaddress_spend_public_key
 .text.monero_apdu_get_subaddress_secret_key
                0xc0d01eb2       0x38 obj/monero_key.o
                0xc0d01eb2                monero_apdu_get_subaddress_secret_key
 *fill*         0xc0d01eea        0x2 00
 .text.monero_apu_generate_txout_keys
                0xc0d01eec      0x130 obj/monero_key.o
                0xc0d01eec                monero_apu_generate_txout_keys
 .text.monero_main
                0xc0d0201c       0xa0 obj/monero_main.o
                0xc0d0201c                monero_main
 .text.io_event
                0xc0d020bc      0x5b0 obj/monero_main.o
                0xc0d020bc                io_event
 .text.io_exchange_al
                0xc0d0266c       0x48 obj/monero_main.o
                0xc0d0266c                io_exchange_al
 .text.app_exit
                0xc0d026b4       0x42 obj/monero_main.o
                0xc0d026b4                app_exit
 *fill*         0xc0d026f6        0x2 00
 .text.monero_apdu_mlsag_prepare
                0xc0d026f8       0xd0 obj/monero_mlsag.o
                0xc0d026f8                monero_apdu_mlsag_prepare
 .text.monero_apdu_mlsag_hash
                0xc0d027c8       0x84 obj/monero_mlsag.o
                0xc0d027c8                monero_apdu_mlsag_hash
 .text.monero_apdu_mlsag_sign
                0xc0d0284c       0x80 obj/monero_mlsag.o
                0xc0d0284c                monero_apdu_mlsag_sign
 .text.monero_base58_public_key
                0xc0d028cc       0xf0 obj/monero_monero.o
                0xc0d028cc                monero_base58_public_key
 .text.encode_block
                0xc0d029bc      0x100 obj/monero_monero.o
 .text.monero_reset_tx
                0xc0d02abc       0x5c obj/monero_open_tx.o
                0xc0d02abc                monero_reset_tx
 .text.monero_apdu_open_tx
                0xc0d02b18       0x64 obj/monero_open_tx.o
                0xc0d02b18                monero_apdu_open_tx
 .text.monero_apdu_close_tx
                0xc0d02b7c       0x24 obj/monero_open_tx.o
                0xc0d02b7c                monero_apdu_close_tx
 .text.monero_abort_tx
                0xc0d02ba0        0xa obj/monero_open_tx.o
                0xc0d02ba0                monero_abort_tx
 *fill*         0xc0d02baa        0x2 00
 .text.monero_apdu_set_signature_mode
                0xc0d02bac       0x38 obj/monero_open_tx.o
                0xc0d02bac                monero_apdu_set_signature_mode
 .text.monero_apdu_mlsag_prehash_init
                0xc0d02be4       0x9c obj/monero_prehash.o
                0xc0d02be4                monero_apdu_mlsag_prehash_init
 .text.monero_apdu_mlsag_prehash_update
                0xc0d02c80      0x22c obj/monero_prehash.o
                0xc0d02c80                monero_apdu_mlsag_prehash_update
 .text.monero_apdu_mlsag_prehash_finalize
                0xc0d02eac       0xe0 obj/monero_prehash.o
                0xc0d02eac                monero_apdu_mlsag_prehash_finalize
 .text.monero_apdu_stealth
                0xc0d02f8c       0x78 obj/monero_stealth.o
                0xc0d02f8c                monero_apdu_stealth
 .text.ui_menu_fee_validation_action
                0xc0d03004       0x40 obj/monero_ux_nanos.o
                0xc0d03004                ui_menu_fee_validation_action
 .text.ui_menu_fee_validation_preprocessor
                0xc0d03044       0x24 obj/monero_ux_nanos.o
                0xc0d03044                ui_menu_fee_validation_preprocessor
 .text.ui_menu_main_display
                0xc0d03068       0x18 obj/monero_ux_nanos.o
                0xc0d03068                ui_menu_main_display
 .text.ui_menu_fee_validation_display
                0xc0d03080       0x1c obj/monero_ux_nanos.o
                0xc0d03080                ui_menu_fee_validation_display
 .text.ui_menu_words_back
                0xc0d0309c       0x14 obj/monero_ux_nanos.o
                0xc0d0309c                ui_menu_words_back
 .text.ui_menu_words_clear
                0xc0d030b0       0x20 obj/monero_ux_nanos.o
                0xc0d030b0                ui_menu_words_clear
 .text.ui_menu_words_preprocessor
                0xc0d030d0       0x48 obj/monero_ux_nanos.o
                0xc0d030d0                ui_menu_words_preprocessor
 .text.ui_menu_words_display
                0xc0d03118       0x1c obj/monero_ux_nanos.o
                0xc0d03118                ui_menu_words_display
 .text.ui_menu_validation_action
                0xc0d03134       0x40 obj/monero_ux_nanos.o
                0xc0d03134                ui_menu_validation_action
 .text.ui_menu_validation_preprocessor
                0xc0d03174      0x164 obj/monero_ux_nanos.o
                0xc0d03174                ui_menu_validation_preprocessor
 .text.ui_menu_validation_display
                0xc0d032d8       0x1c obj/monero_ux_nanos.o
                0xc0d032d8                ui_menu_validation_display
 .text.ui_export_viewkey_display
                0xc0d032f4       0xa4 obj/monero_ux_nanos.o
                0xc0d032f4                ui_export_viewkey_display
 .text.ui_export_viewkey_button
                0xc0d03398       0x6c obj/monero_ux_nanos.o
                0xc0d03398                ui_export_viewkey_button
 .text.ui_export_viewkey_prepro
                0xc0d03404       0x60 obj/monero_ux_nanos.o
                0xc0d03404                ui_export_viewkey_prepro
 .text.io_seproxyhal_display
                0xc0d03464        0x8 obj/monero_ux_nanos.o
                0xc0d03464                io_seproxyhal_display
 .text.ui_menu_network_action
                0xc0d0346c       0x24 obj/monero_ux_nanos.o
                0xc0d0346c                ui_menu_network_action
 .text.ui_menu_network_preprocessor
                0xc0d03490       0xac obj/monero_ux_nanos.o
                0xc0d03490                ui_menu_network_preprocessor
 .text.ui_menu_network_display
                0xc0d0353c       0x18 obj/monero_ux_nanos.o
                0xc0d0353c                ui_menu_network_display
 .text.ui_menu_reset_action
                0xc0d03554       0x38 obj/monero_ux_nanos.o
                0xc0d03554                ui_menu_reset_action
 .text.ui_menu_pubaddr_preprocessor
                0xc0d0358c      0x14c obj/monero_ux_nanos.o
                0xc0d0358c                ui_menu_pubaddr_preprocessor
 .text.ui_menu_pubaddr_display
                0xc0d036d8       0x3c obj/monero_ux_nanos.o
                0xc0d036d8                ui_menu_pubaddr_display
 .text.ui_menu_main_preprocessor
                0xc0d03714       0x7c obj/monero_ux_nanos.o
                0xc0d03714                ui_menu_main_preprocessor
 .text.ui_init  0xc0d03790       0x28 obj/monero_ux_nanos.o
                0xc0d03790                ui_init
 .text.os_boot  0xc0d037b8        0x6 obj/os.o
                0xc0d037b8                os_boot
 .text.try_context_set
                0xc0d037be        0x4 obj/os.o
                0xc0d037be                try_context_set
 *fill*         0xc0d037c2        0x2 00
 .text.io_usb_hid_receive
                0xc0d037c4      0x1b8 obj/os.o
                0xc0d037c4                io_usb_hid_receive
 .text.os_memset
                0xc0d0397c       0x12 obj/os.o
                0xc0d0397c                os_memset
 .text.os_memmove
                0xc0d0398e       0x2c obj/os.o
                0xc0d0398e                os_memmove
 *fill*         0xc0d039ba        0x2 00
 .text.io_usb_hid_init
                0xc0d039bc        0xc obj/os.o
                0xc0d039bc                io_usb_hid_init
 .text.io_usb_hid_sent
                0xc0d039c8      0x108 obj/os.o
                0xc0d039c8                io_usb_hid_sent
 .text.io_usb_hid_send
                0xc0d03ad0       0x34 obj/os.o
                0xc0d03ad0                io_usb_hid_send
 .text.os_memcmp
                0xc0d03b04       0x28 obj/os.o
                0xc0d03b04                os_memcmp
 .text.os_longjmp
                0xc0d03b2c        0x8 obj/os.o
                0xc0d03b2c                os_longjmp
 .text.try_context_get
                0xc0d03b34        0x4 obj/os.o
                0xc0d03b34                try_context_get
 .text.try_context_get_previous
                0xc0d03b38        0xc obj/os.o
                0xc0d03b38                try_context_get_previous
 .text.io_seproxyhal_general_status
                0xc0d03b44       0x2c obj/os_io_seproxyhal.o
                0xc0d03b44                io_seproxyhal_general_status
 .text.io_seproxyhal_handle_usb_event
                0xc0d03b70       0x7c obj/os_io_seproxyhal.o
                0xc0d03b70                io_seproxyhal_handle_usb_event
 .text.io_seproxyhal_get_ep_rx_size
                0xc0d03bec       0x10 obj/os_io_seproxyhal.o
                0xc0d03bec                io_seproxyhal_get_ep_rx_size
 .text.io_seproxyhal_handle_usb_ep_xfer_event
                0xc0d03bfc       0x64 obj/os_io_seproxyhal.o
                0xc0d03bfc                io_seproxyhal_handle_usb_ep_xfer_event
 .text.io_usb_send_ep
                0xc0d03c60       0x4c obj/os_io_seproxyhal.o
                0xc0d03c60                io_usb_send_ep
 .text.io_usb_send_apdu_data
                0xc0d03cac       0x10 obj/os_io_seproxyhal.o
                0xc0d03cac                io_usb_send_apdu_data
 .text.io_seproxyhal_handle_capdu_event
                0xc0d03cbc       0x50 obj/os_io_seproxyhal.o
                0xc0d03cbc                io_seproxyhal_handle_capdu_event
 .text.io_seproxyhal_handle_event
                0xc0d03d0c       0x8c obj/os_io_seproxyhal.o
                0xc0d03d0c                io_seproxyhal_handle_event
 .text.io_seproxyhal_init
                0xc0d03d98       0x40 obj/os_io_seproxyhal.o
                0xc0d03d98                io_seproxyhal_init
 .text.io_seproxyhal_init_ux
                0xc0d03dd8        0xc obj/os_io_seproxyhal.o
                0xc0d03dd8                io_seproxyhal_init_ux
 .text.io_seproxyhal_init_button
                0xc0d03de4       0x14 obj/os_io_seproxyhal.o
                0xc0d03de4                io_seproxyhal_init_button
 .text.io_seproxyhal_touch_out
                0xc0d03df8       0x40 obj/os_io_seproxyhal.o
                0xc0d03df8                io_seproxyhal_touch_out
 .text.io_seproxyhal_touch_over
                0xc0d03e38       0x5a obj/os_io_seproxyhal.o
                0xc0d03e38                io_seproxyhal_touch_over
 .text.io_seproxyhal_touch_tap
                0xc0d03e92       0x40 obj/os_io_seproxyhal.o
                0xc0d03e92                io_seproxyhal_touch_tap
 *fill*         0xc0d03ed2        0x2 00
 .text.io_seproxyhal_touch_element_callback
                0xc0d03ed4      0x110 obj/os_io_seproxyhal.o
                0xc0d03ed4                io_seproxyhal_touch_element_callback
 .text.io_seproxyhal_display_icon
                0xc0d03fe4       0x88 obj/os_io_seproxyhal.o
                0xc0d03fe4                io_seproxyhal_display_icon
 .text.io_seproxyhal_display_default
                0xc0d0406c       0x84 obj/os_io_seproxyhal.o
                0xc0d0406c                io_seproxyhal_display_default
 .text.io_seproxyhal_button_push
                0xc0d040f0       0x70 obj/os_io_seproxyhal.o
                0xc0d040f0                io_seproxyhal_button_push
 .text.os_io_seproxyhal_get_app_name_and_version
                0xc0d04160       0x48 obj/os_io_seproxyhal.o
                0xc0d04160                os_io_seproxyhal_get_app_name_and_version
 .text.io_exchange
                0xc0d041a8      0x1fc obj/os_io_seproxyhal.o
                0xc0d041a8                io_exchange
 .text.ux_menu_element_preprocessor
                0xc0d043a4      0x180 obj/os_io_seproxyhal.o
                0xc0d043a4                ux_menu_element_preprocessor
 .text.ux_menu_elements_button
                0xc0d04524      0x124 obj/os_io_seproxyhal.o
                0xc0d04524                ux_menu_elements_button
 .text.ux_menu_display
                0xc0d04648      0x11c obj/os_io_seproxyhal.o
                0xc0d04648                ux_menu_display
 .text.ux_check_status_default
                0xc0d04764        0x2 obj/os_io_seproxyhal.o
                0xc0d04764                ux_check_status
                0xc0d04764                ux_check_status_default
 *fill*         0xc0d04766        0x2 00
 .text.pic      0xc0d04768       0x1c obj/pic.o
                0xc0d04768                pic
 .text.pic_internal
                0xc0d04784       0x10 obj/pic_internal.o
                0xc0d04784                pic_internal
 .text.SVC_Call
                0xc0d04794        0x4 obj/syscalls.o
                0xc0d04794                SVC_Call
 .text.check_api_level
                0xc0d04798       0x2c obj/syscalls.o
                0xc0d04798                check_api_level
 .text.reset    0xc0d047c4       0x28 obj/syscalls.o
                0xc0d047c4                reset
 .text.nvm_write
                0xc0d047ec       0x2c obj/syscalls.o
                0xc0d047ec                nvm_write
 .text.cx_rng   0xc0d04818       0x30 obj/syscalls.o
                0xc0d04818                cx_rng
 .text.cx_hash  0xc0d04848       0x38 obj/syscalls.o
                0xc0d04848                cx_hash
 .text.cx_sha256_init
                0xc0d04880       0x2c obj/syscalls.o
                0xc0d04880                cx_sha256_init
 .text.cx_keccak_init
                0xc0d048ac       0x30 obj/syscalls.o
                0xc0d048ac                cx_keccak_init
 .text.cx_aes_init_key
                0xc0d048dc       0x30 obj/syscalls.o
                0xc0d048dc                cx_aes_init_key
 .text.cx_ecfp_add_point
                0xc0d0490c       0x34 obj/syscalls.o
                0xc0d0490c                cx_ecfp_add_point
 .text.cx_ecfp_scalar_mult
                0xc0d04940       0x34 obj/syscalls.o
                0xc0d04940                cx_ecfp_scalar_mult
 .text.cx_edward_compress_point
                0xc0d04974       0x2c obj/syscalls.o
                0xc0d04974                cx_edward_compress_point
 .text.cx_edward_decompress_point
                0xc0d049a0       0x2c obj/syscalls.o
                0xc0d049a0                cx_edward_decompress_point
 .text.cx_math_is_zero
                0xc0d049cc       0x30 obj/syscalls.o
                0xc0d049cc                cx_math_is_zero
 .text.cx_math_addm
                0xc0d049fc       0x30 obj/syscalls.o
                0xc0d049fc                cx_math_addm
 .text.cx_math_subm
                0xc0d04a2c       0x30 obj/syscalls.o
                0xc0d04a2c                cx_math_subm
 .text.cx_math_multm
                0xc0d04a5c       0x30 obj/syscalls.o
                0xc0d04a5c                cx_math_multm
 .text.cx_math_powm
                0xc0d04a8c       0x34 obj/syscalls.o
                0xc0d04a8c                cx_math_powm
 .text.cx_math_modm
                0xc0d04ac0       0x2c obj/syscalls.o
                0xc0d04ac0                cx_math_modm
 .text.cx_math_invprimem
                0xc0d04aec       0x2c obj/syscalls.o
                0xc0d04aec                cx_math_invprimem
 .text.os_perso_derive_node_bip32
                0xc0d04b18       0x30 obj/syscalls.o
                0xc0d04b18                os_perso_derive_node_bip32
 .text.os_global_pin_is_validated
                0xc0d04b48       0x2c obj/syscalls.o
                0xc0d04b48                os_global_pin_is_validated
 .text.os_sched_exit
                0xc0d04b74       0x2c obj/syscalls.o
                0xc0d04b74                os_sched_exit
 .text.os_ux    0xc0d04ba0       0x2c obj/syscalls.o
                0xc0d04ba0                os_ux
 .text.os_flags
                0xc0d04bcc       0x2c obj/syscalls.o
                0xc0d04bcc                os_flags
 .text.os_registry_get_current_app_tag
                0xc0d04bf8       0x30 obj/syscalls.o
                0xc0d04bf8                os_registry_get_current_app_tag
 .text.io_seproxyhal_spi_send
                0xc0d04c28       0x2c obj/syscalls.o
                0xc0d04c28                io_seproxyhal_spi_send
 .text.io_seproxyhal_spi_is_status_sent
                0xc0d04c54       0x2c obj/syscalls.o
                0xc0d04c54                io_seproxyhal_spi_is_status_sent
 .text.io_seproxyhal_spi_recv
                0xc0d04c80       0x30 obj/syscalls.o
                0xc0d04c80                io_seproxyhal_spi_recv
 .text.u2f_apdu_sign
                0xc0d04cb0      0x104 obj/u2f_impl.o
                0xc0d04cb0                u2f_apdu_sign
 .text.u2f_handle_cmd_init
                0xc0d04db4       0x8c obj/u2f_impl.o
                0xc0d04db4                u2f_handle_cmd_init
 .text.u2f_handle_cmd_msg
                0xc0d04e40       0xbc obj/u2f_impl.o
                0xc0d04e40                u2f_handle_cmd_msg
 .text.u2f_message_complete
                0xc0d04efc       0x3c obj/u2f_impl.o
                0xc0d04efc                u2f_message_complete
 .text.u2f_io_send
                0xc0d04f38       0x34 obj/u2f_io.o
                0xc0d04f38                u2f_io_send
 .text.u2f_transport_init
                0xc0d04f6c       0x10 obj/u2f_transport.o
                0xc0d04f6c                u2f_transport_init
 .text.u2f_transport_sent
                0xc0d04f7c       0xcc obj/u2f_transport.o
                0xc0d04f7c                u2f_transport_sent
 .text.u2f_transport_received
                0xc0d05048      0x390 obj/u2f_transport.o
                0xc0d05048                u2f_transport_received
 .text.u2f_is_channel_broadcast
                0xc0d053d8       0x18 obj/u2f_transport.o
                0xc0d053d8                u2f_is_channel_broadcast
 .text.u2f_message_reply
                0xc0d053f0       0x1c obj/u2f_transport.o
                0xc0d053f0                u2f_message_reply
 .text.USBD_LL_Init
                0xc0d0540c       0x14 obj/usbd_conf.o
                0xc0d0540c                USBD_LL_Init
 .text.USBD_LL_DeInit
                0xc0d05420       0x24 obj/usbd_conf.o
                0xc0d05420                USBD_LL_DeInit
 .text.USBD_LL_Start
                0xc0d05444       0x38 obj/usbd_conf.o
                0xc0d05444                USBD_LL_Start
 .text.USBD_LL_Stop
                0xc0d0547c       0x22 obj/usbd_conf.o
                0xc0d0547c                USBD_LL_Stop
 *fill*         0xc0d0549e        0x2 00
 .text.USBD_LL_OpenEP
                0xc0d054a0       0x60 obj/usbd_conf.o
                0xc0d054a0                USBD_LL_OpenEP
 .text.USBD_LL_CloseEP
                0xc0d05500       0x2c obj/usbd_conf.o
                0xc0d05500                USBD_LL_CloseEP
 .text.USBD_LL_StallEP
                0xc0d0552c       0x48 obj/usbd_conf.o
                0xc0d0552c                USBD_LL_StallEP
 .text.USBD_LL_ClearStallEP
                0xc0d05574       0x48 obj/usbd_conf.o
                0xc0d05574                USBD_LL_ClearStallEP
 .text.USBD_LL_IsStallEP
                0xc0d055bc       0x20 obj/usbd_conf.o
                0xc0d055bc                USBD_LL_IsStallEP
 .text.USBD_LL_SetUSBAddress
                0xc0d055dc       0x24 obj/usbd_conf.o
                0xc0d055dc                USBD_LL_SetUSBAddress
 .text.USBD_LL_Transmit
                0xc0d05600       0x32 obj/usbd_conf.o
                0xc0d05600                USBD_LL_Transmit
 .text.USBD_LL_PrepareReceive
                0xc0d05632       0x26 obj/usbd_conf.o
                0xc0d05632                USBD_LL_PrepareReceive
 .text.USBD_Init
                0xc0d05658       0x32 obj/usbd_core.o
                0xc0d05658                USBD_Init
 .text.USBD_DeInit
                0xc0d0568a       0x3c obj/usbd_core.o
                0xc0d0568a                USBD_DeInit
 .text.USBD_RegisterClassForInterface
                0xc0d056c6       0x1a obj/usbd_core.o
                0xc0d056c6                USBD_RegisterClassForInterface
 .text.USBD_Start
                0xc0d056e0        0xa obj/usbd_core.o
                0xc0d056e0                USBD_Start
 .text.USBD_SetClassConfig
                0xc0d056ea       0x36 obj/usbd_core.o
                0xc0d056ea                USBD_SetClassConfig
 .text.USBD_ClrClassConfig
                0xc0d05720       0x36 obj/usbd_core.o
                0xc0d05720                USBD_ClrClassConfig
 .text.USBD_LL_SetupStage
                0xc0d05756       0x5c obj/usbd_core.o
                0xc0d05756                USBD_LL_SetupStage
 .text.USBD_LL_DataOutStage
                0xc0d057b2       0xb0 obj/usbd_core.o
                0xc0d057b2                USBD_LL_DataOutStage
 .text.USBD_LL_DataInStage
                0xc0d05862       0xe8 obj/usbd_core.o
                0xc0d05862                USBD_LL_DataInStage
 .text.USBD_LL_Reset
                0xc0d0594a       0x3e obj/usbd_core.o
                0xc0d0594a                USBD_LL_Reset
 .text.USBD_LL_SetSpeed
                0xc0d05988        0x6 obj/usbd_core.o
                0xc0d05988                USBD_LL_SetSpeed
 .text.USBD_LL_Suspend
                0xc0d0598e        0x4 obj/usbd_core.o
                0xc0d0598e                USBD_LL_Suspend
 .text.USBD_LL_Resume
                0xc0d05992        0x4 obj/usbd_core.o
                0xc0d05992                USBD_LL_Resume
 .text.USBD_LL_SOF
                0xc0d05996       0x3a obj/usbd_core.o
                0xc0d05996                USBD_LL_SOF
 .text.usbd_is_valid_intf
                0xc0d059d0       0x1a obj/usbd_ctlreq.o
                0xc0d059d0                usbd_is_valid_intf
 .text.USBD_StdDevReq
                0xc0d059ea       0x5a obj/usbd_ctlreq.o
                0xc0d059ea                USBD_StdDevReq
 .text.USBD_GetDescriptor
                0xc0d05a44      0x104 obj/usbd_ctlreq.o
                0xc0d05a44                USBD_GetDescriptor
 .text.USBD_SetAddress
                0xc0d05b48       0x4c obj/usbd_ctlreq.o
                0xc0d05b48                USBD_SetAddress
 .text.USBD_SetConfig
                0xc0d05b94       0x6e obj/usbd_ctlreq.o
                0xc0d05b94                USBD_SetConfig
 .text.USBD_GetConfig
                0xc0d05c02       0x2e obj/usbd_ctlreq.o
                0xc0d05c02                USBD_GetConfig
 .text.USBD_GetStatus
                0xc0d05c30       0x44 obj/usbd_ctlreq.o
                0xc0d05c30                USBD_GetStatus
 .text.USBD_SetFeature
                0xc0d05c74       0x3a obj/usbd_ctlreq.o
                0xc0d05c74                USBD_SetFeature
 .text.USBD_ClrFeature
                0xc0d05cae       0x50 obj/usbd_ctlreq.o
                0xc0d05cae                USBD_ClrFeature
 .text.USBD_CtlError
                0xc0d05cfe       0x14 obj/usbd_ctlreq.o
                0xc0d05cfe                USBD_CtlError
 .text.USBD_StdItfReq
                0xc0d05d12       0x48 obj/usbd_ctlreq.o
                0xc0d05d12                USBD_StdItfReq
 .text.USBD_StdEPReq
                0xc0d05d5a      0x108 obj/usbd_ctlreq.o
                0xc0d05d5a                USBD_StdEPReq
 .text.USBD_ParseSetupRequest
                0xc0d05e62       0x28 obj/usbd_ctlreq.o
                0xc0d05e62                USBD_ParseSetupRequest
 .text.USBD_HID_Setup
                0xc0d05e8a       0x96 obj/usbd_hid.o
                0xc0d05e8a                USBD_HID_Setup
 .text.USBD_HID_Init
                0xc0d05f20       0x32 obj/usbd_hid.o
                0xc0d05f20                USBD_HID_Init
 .text.USBD_HID_DeInit
                0xc0d05f52       0x16 obj/usbd_hid.o
                0xc0d05f52                USBD_HID_DeInit
 .text.USBD_HID_GetHidDescriptor_impl
                0xc0d05f68       0x34 obj/usbd_impl.o
                0xc0d05f68                USBD_HID_GetHidDescriptor_impl
 .text.USBD_HID_GetReportDescriptor_impl
                0xc0d05f9c       0x64 obj/usbd_impl.o
                0xc0d05f9c                USBD_HID_GetReportDescriptor_impl
 .text.USBD_U2F_Init
                0xc0d06000       0x32 obj/usbd_impl.o
                0xc0d06000                USBD_U2F_Init
 *fill*         0xc0d06032        0x2 00
 .text.USBD_U2F_DataIn_impl
                0xc0d06034       0x18 obj/usbd_impl.o
                0xc0d06034                USBD_U2F_DataIn_impl
 .text.USBD_U2F_DataOut_impl
                0xc0d0604c       0x2c obj/usbd_impl.o
                0xc0d0604c                USBD_U2F_DataOut_impl
 .text.USBD_HID_DataIn_impl
                0xc0d06078       0x18 obj/usbd_impl.o
                0xc0d06078                USBD_HID_DataIn_impl
 .text.USBD_HID_DataOut_impl
                0xc0d06090       0x58 obj/usbd_impl.o
                0xc0d06090                USBD_HID_DataOut_impl
 .text.USBD_DeviceDescriptor
                0xc0d060e8       0x10 obj/usbd_impl.o
 .text.USBD_LangIDStrDescriptor
                0xc0d060f8       0x10 obj/usbd_impl.o
 .text.USBD_ManufacturerStrDescriptor
                0xc0d06108       0x10 obj/usbd_impl.o
 .text.USBD_ProductStrDescriptor
                0xc0d06118       0x10 obj/usbd_impl.o
 .text.USBD_SerialStrDescriptor
                0xc0d06128       0x10 obj/usbd_impl.o
 .text.USBD_ConfigStrDescriptor
                0xc0d06138       0x10 obj/usbd_impl.o
 .text.USBD_InterfaceStrDescriptor
                0xc0d06148       0x10 obj/usbd_impl.o
 .text.USB_power
                0xc0d06158       0x7c obj/usbd_impl.o
                0xc0d06158                USB_power
 .text.USBD_GetCfgDesc_impl
                0xc0d061d4       0x10 obj/usbd_impl.o
 .text.USBD_GetDeviceQualifierDesc_impl
                0xc0d061e4       0x10 obj/usbd_impl.o
 .text.USBD_CtlSendData
                0xc0d061f4       0x2c obj/usbd_ioreq.o
                0xc0d061f4                USBD_CtlSendData
 .text.USBD_CtlContinueSendData
                0xc0d06220       0x1c obj/usbd_ioreq.o
                0xc0d06220                USBD_CtlContinueSendData
 .text.USBD_CtlContinueRx
                0xc0d0623c        0xe obj/usbd_ioreq.o
                0xc0d0623c                USBD_CtlContinueRx
 .text.USBD_CtlSendStatus
                0xc0d0624a       0x18 obj/usbd_ioreq.o
                0xc0d0624a                USBD_CtlSendStatus
 .text.USBD_CtlReceiveStatus
                0xc0d06262       0x16 obj/usbd_ioreq.o
                0xc0d06262                USBD_CtlReceiveStatus
 .text          0xc0d06278      0x114 /opt/bolos-env/gcc-arm-none-eabi-5_3-2016q1/bin/../lib/gcc/arm-none-eabi/5.3.1/armv6-m/libgcc.a(_udivsi3.o)
                0xc0d06278                __udivsi3
                0xc0d06278                __aeabi_uidiv
                0xc0d06384                __aeabi_uidivmod
 .text          0xc0d0638c        0x4 /opt/bolos-env/gcc-arm-none-eabi-5_3-2016q1/bin/../lib/gcc/arm-none-eabi/5.3.1/armv6-m/libgcc.a(_dvmd_tls.o)
                0xc0d0638c                __aeabi_ldiv0
                0xc0d0638c                __aeabi_idiv0
 .text          0xc0d06390       0x18 /opt/bolos-env/gcc-arm-none-eabi-5_3-2016q1/bin/../lib/gcc/arm-none-eabi/5.3.1/armv6-m/libgcc.a(_ashldi3.o)
                0xc0d06390                __ashldi3
                0xc0d06390                __aeabi_llsl
 .text          0xc0d063a8       0x40 /opt/bolos-env/gcc-arm-none-eabi-5_3-2016q1/bin/../lib/gcc/arm-none-eabi/5.3.1/armv6-m/libgcc.a(_aeabi_uldivmod.o)
                0xc0d063a8                __aeabi_uldivmod
 .text          0xc0d063e8       0x58 /opt/bolos-env/gcc-arm-none-eabi-5_3-2016q1/bin/../lib/gcc/arm-none-eabi/5.3.1/armv6-m/libgcc.a(_muldi3.o)
                0xc0d063e8                __aeabi_lmul
                0xc0d063e8                __muldi3
 .text          0xc0d06440      0x180 /opt/bolos-env/gcc-arm-none-eabi-5_3-2016q1/bin/../lib/gcc/arm-none-eabi/5.3.1/armv6-m/libgcc.a(_udivmoddi4.o)
                0xc0d06440                __udivmoddi4
 .text          0xc0d065c0       0x18 /opt/bolos-env/gcc-arm-none-eabi-5_3-2016q1/bin/../lib/gcc/arm-none-eabi/5.3.1/armv6-m/libgcc.a(_clzdi2.o)
                0xc0d065c0                __clzdi2
 .text          0xc0d065d8       0x3c /opt/bolos-env/gcc-arm-none-eabi-5_3-2016q1/bin/../lib/gcc/arm-none-eabi/5.3.1/armv6-m/libgcc.a(_clzsi2.o)
                0xc0d065d8                __clzsi2
 .text.__aeabi_memclr
                0xc0d06614        0xc /opt/bolos-env/gcc-arm-none-eabi-5_3-2016q1/bin/../lib/gcc/arm-none-eabi/5.3.1/../../../../arm-none-eabi/lib/armv6-m/libc.a(lib_a-aeabi_memclr.o)
                0xc0d06614                __aeabi_memclr8
                0xc0d06614                __aeabi_memclr
                0xc0d06614                __aeabi_memclr4
 .text.__aeabi_memcpy
                0xc0d06620        0x8 /opt/bolos-env/gcc-arm-none-eabi-5_3-2016q1/bin/../lib/gcc/arm-none-eabi/5.3.1/../../../../arm-none-eabi/lib/armv6-m/libc.a(lib_a-aeabi_memcpy.o)
                0xc0d06620                __aeabi_memcpy
                0xc0d06620                __aeabi_memcpy4
                0xc0d06620                __aeabi_memcpy8
 .text.__aeabi_memset
                0xc0d06628       0x10 /opt/bolos-env/gcc-arm-none-eabi-5_3-2016q1/bin/../lib/gcc/arm-none-eabi/5.3.1/../../../../arm-none-eabi/lib/armv6-m/libc.a(lib_a-aeabi_memset.o)
                0xc0d06628                __aeabi_memset
                0xc0d06628                __aeabi_memset8
                0xc0d06628                __aeabi_memset4
 .text.memcpy   0xc0d06638       0x7c /opt/bolos-env/gcc-arm-none-eabi-5_3-2016q1/bin/../lib/gcc/arm-none-eabi/5.3.1/../../../../arm-none-eabi/lib/armv6-m/libc.a(lib_a-memcpy-stub.o)
                0xc0d06638                memcpy
 .text.memset   0xc0d066b4       0x8c /opt/bolos-env/gcc-arm-none-eabi-5_3-2016q1/bin/../lib/gcc/arm-none-eabi/5.3.1/../../../../arm-none-eabi/lib/armv6-m/libc.a(lib_a-memset.o)
                0xc0d066b4                memset
 .text          0xc0d06740       0x34 /opt/bolos-env/gcc-arm-none-eabi-5_3-2016q1/bin/../lib/gcc/arm-none-eabi/5.3.1/../../../../arm-none-eabi/lib/armv6-m/libc.a(lib_a-setjmp.o)
                0xc0d06740                setjmp
                0xc0d06758                longjmp
 .text.strlen   0xc0d06774       0x68 /opt/bolos-env/gcc-arm-none-eabi-5_3-2016q1/bin/../lib/gcc/arm-none-eabi/5.3.1/../../../../arm-none-eabi/lib/armv6-m/libc.a(lib_a-strlen-stub.o)
                0xc0d06774                strlen
 *(.rodata)
 *(.rodata.[^N]*)
 .rodata.C_badge_back_colors
                0xc0d067dc        0x8 obj/glyphs.o
                0xc0d067dc                C_badge_back_colors
 .rodata.C_badge_back_bitmap
                0xc0d067e4       0x19 obj/glyphs.o
                0xc0d067e4                C_badge_back_bitmap
 *fill*         0xc0d067fd        0x3 00
 .rodata.C_badge_back
                0xc0d06800       0x14 obj/glyphs.o
                0xc0d06800                C_badge_back
 .rodata.C_icon_dashboard_colors
                0xc0d06814        0x8 obj/glyphs.o
                0xc0d06814                C_icon_dashboard_colors
 .rodata.C_icon_dashboard_bitmap
                0xc0d0681c       0x19 obj/glyphs.o
                0xc0d0681c                C_icon_dashboard_bitmap
 *fill*         0xc0d06835        0x3 00
 .rodata.C_icon_dashboard
                0xc0d06838       0x14 obj/glyphs.o
                0xc0d06838                C_icon_dashboard
 .rodata.C_ED25519_ORDER
                0xc0d0684c       0x20 obj/monero_crypto.o
                0xc0d0684c                C_ED25519_ORDER
 .rodata.C_ED25519_FIELD
                0xc0d0686c       0x20 obj/monero_crypto.o
                0xc0d0686c                C_ED25519_FIELD
 .rodata.C_fe_ma2
                0xc0d0688c       0x20 obj/monero_crypto.o
                0xc0d0688c                C_fe_ma2
 .rodata.C_fe_ma
                0xc0d068ac       0x20 obj/monero_crypto.o
                0xc0d068ac                C_fe_ma
 .rodata.C_fe_fffb1
                0xc0d068cc       0x20 obj/monero_crypto.o
                0xc0d068cc                C_fe_fffb1
 .rodata.C_fe_fffb2
                0xc0d068ec       0x20 obj/monero_crypto.o
                0xc0d068ec                C_fe_fffb2
 .rodata.C_fe_fffb3
                0xc0d0690c       0x20 obj/monero_crypto.o
                0xc0d0690c                C_fe_fffb3
 .rodata.C_fe_fffb4
                0xc0d0692c       0x20 obj/monero_crypto.o
                0xc0d0692c                C_fe_fffb4
 .rodata.C_fe_sqrtm1
                0xc0d0694c       0x20 obj/monero_crypto.o
                0xc0d0694c                C_fe_sqrtm1
 .rodata.C_fe_qm5div8
                0xc0d0696c       0x20 obj/monero_crypto.o
                0xc0d0696c                C_fe_qm5div8
 .rodata.C_sub_address_prefix
                0xc0d0698c        0x8 obj/monero_crypto.o
 .rodata.C_ED25519_G
                0xc0d06994       0x41 obj/monero_crypto.o
 .rodata.C_ED25519_Hy
                0xc0d069d5       0x20 obj/monero_crypto.o
 .rodata.str1.1
                0xc0d069f5       0x17 obj/monero_crypto.o
 .rodata.C_MAGIC
                0xc0d06a0c        0x8 obj/monero_init.o
                0xc0d06a0c                C_MAGIC
 .rodata.crcTable
                0xc0d06a14      0x400 obj/monero_key.o
 .rodata.alphabet
                0xc0d06e14       0x3b obj/monero_monero.o
                0xc0d06e14                alphabet
 *fill*         0xc0d06e4f        0x1 00
 .rodata.encoded_block_sizes
                0xc0d06e50       0x24 obj/monero_monero.o
                0xc0d06e50                encoded_block_sizes
 .rodata.str1.1
                0xc0d06e74      0x1a7 obj/monero_ux_nanos.o
                                0x1ac (size before relaxing)
 *fill*         0xc0d0701b        0x1 00
 .rodata.ui_menu_fee_validation
                0xc0d0701c       0x70 obj/monero_ux_nanos.o
                0xc0d0701c                ui_menu_fee_validation
 .rodata.ui_menu_words
                0xc0d0708c      0x1a4 obj/monero_ux_nanos.o
                0xc0d0708c                ui_menu_words
 .rodata.ui_menu_validation
                0xc0d07230       0xfc obj/monero_ux_nanos.o
                0xc0d07230                ui_menu_validation
 .rodata.ui_export_viewkey
                0xc0d0732c      0x118 obj/monero_ux_nanos.o
                0xc0d0732c                ui_export_viewkey
 .rodata.str1.4
                0xc0d07444       0x1c obj/monero_ux_nanos.o
                                 0x1a (size before relaxing)
 .rodata.ui_menu_network
                0xc0d07460       0xa8 obj/monero_ux_nanos.o
                0xc0d07460                ui_menu_network
 .rodata.ui_menu_reset
                0xc0d07508       0x70 obj/monero_ux_nanos.o
                0xc0d07508                ui_menu_reset
 .rodata.ui_menu_settings
                0xc0d07578       0x8c obj/monero_ux_nanos.o
                0xc0d07578                ui_menu_settings
 .rodata.ui_menu_info
                0xc0d07604       0xa8 obj/monero_ux_nanos.o
                0xc0d07604                ui_menu_info
 .rodata.ui_menu_pubaddr
                0xc0d076ac       0xc4 obj/monero_ux_nanos.o
                0xc0d076ac                ui_menu_pubaddr
 .rodata.ui_menu_main
                0xc0d07770       0x8c obj/monero_ux_nanos.o
                0xc0d07770                ui_menu_main
 .rodata..L.str
                0xc0d077fc        0x5 obj/os_io_seproxyhal.o
 .rodata..L.str.1
                0xc0d07801        0x5 obj/os_io_seproxyhal.o
 *fill*         0xc0d07806        0x2 00
 .rodata.ux_menu_elements
                0xc0d07808      0x1f8 obj/os_io_seproxyhal.o
                0xc0d07808                ux_menu_elements
 .rodata.UX_MENU_END_ENTRY
                0xc0d07a00       0x1c obj/os_io_seproxyhal.o
                0xc0d07a00                UX_MENU_END_ENTRY
 .rodata.SW_INTERNAL
                0xc0d07a1c        0x2 obj/u2f_impl.o
 .rodata.SW_BUSY
                0xc0d07a1e        0x2 obj/u2f_impl.o
 .rodata.SW_WRONG_LENGTH
                0xc0d07a20        0x2 obj/u2f_impl.o
 .rodata.SW_PROOF_OF_PRESENCE_REQUIRED
                0xc0d07a22        0x2 obj/u2f_impl.o
 .rodata..L.str
                0xc0d07a24        0x6 obj/u2f_impl.o
 .rodata.str1.1
                0xc0d07a2a        0x5 obj/u2f_impl.o
 .rodata..L.str.2
                0xc0d07a2f        0x5 obj/u2f_impl.o
 .rodata.SW_BAD_KEY_HANDLE
                0xc0d07a34        0x2 obj/u2f_impl.o
 .rodata.U2F_VERSION
                0xc0d07a36        0x8 obj/u2f_impl.o
 .rodata.INFO   0xc0d07a3e        0x4 obj/u2f_impl.o
 .rodata.SW_UNKNOWN_CLASS
                0xc0d07a42        0x2 obj/u2f_impl.o
 .rodata.SW_UNKNOWN_INSTRUCTION
                0xc0d07a44        0x2 obj/u2f_impl.o
 .rodata.BROADCAST_CHANNEL
                0xc0d07a46        0x4 obj/u2f_transport.o
 .rodata.FORBIDDEN_CHANNEL
                0xc0d07a4a        0x4 obj/u2f_transport.o
 *fill*         0xc0d07a4e        0x2 00
 .rodata.USBD_HID_Desc_fido
                0xc0d07a50        0x9 obj/usbd_impl.o
                0xc0d07a50                USBD_HID_Desc_fido
 *fill*         0xc0d07a59        0x3 00
 .rodata.USBD_HID_Desc
                0xc0d07a5c        0x9 obj/usbd_impl.o
                0xc0d07a5c                USBD_HID_Desc
 .rodata.HID_ReportDesc_fido
                0xc0d07a65       0x22 obj/usbd_impl.o
 .rodata.HID_ReportDesc
                0xc0d07a87       0x22 obj/usbd_impl.o
 *fill*         0xc0d07aa9        0x3 00
 .rodata.HID_Desc
                0xc0d07aac       0x20 obj/usbd_impl.o
                0xc0d07aac                HID_Desc
 .rodata.USBD_HID
                0xc0d07acc       0x38 obj/usbd_impl.o
 .rodata.USBD_U2F
                0xc0d07b04       0x38 obj/usbd_impl.o
 .rodata.USBD_DeviceDesc
                0xc0d07b3c       0x12 obj/usbd_impl.o
 .rodata.USBD_LangIDDesc
                0xc0d07b4e        0x4 obj/usbd_impl.o
 .rodata.USBD_MANUFACTURER_STRING
                0xc0d07b52        0xe obj/usbd_impl.o
 .rodata.USBD_PRODUCT_FS_STRING
                0xc0d07b60        0xe obj/usbd_impl.o
 .rodata.USB_SERIAL_STRING
                0xc0d07b6e        0xa obj/usbd_impl.o
 .rodata.USBD_CfgDesc
                0xc0d07b78       0x49 obj/usbd_impl.o
 *fill*         0xc0d07bc1        0x3 00
 .rodata.USBD_DeviceQualifierDesc
                0xc0d07bc4        0xa obj/usbd_impl.o
 *(.rodata.N[^_]*)
                0xc0d07bd0                . = ALIGN (0x4)
 *fill*         0xc0d07bce        0x2 00
                0xc0d07bd0                _etext = .
                0xc0d07c00                . = ALIGN (PAGE_SIZE)
 *fill*         0xc0d07bd0       0x30 00
                0xc0d07c00                _nvram_data = .
 *(.bss.N_* .rodata.N_*)
 .bss.N_state_pic
                0xc0d07c00      0x252 obj/monero_nvram.o
                0xc0d07c00                N_state_pic
                0xc0d07e80                . = ALIGN (PAGE_SIZE)
 *fill*         0xc0d07e52       0x2e 00
                0xc0d07e80                _install_parameters = .
                [!provide]                PROVIDE (N_install_parameters, .)
                0xc0d07e80                _envram = .
                0x00000280                _nvram_data_size = (_envram - _nvram_data)

.glue_7         0xc0d07e80        0x0
 .glue_7        0xc0d07e80        0x0 linker stubs

.glue_7t        0xc0d07e80        0x0
 .glue_7t       0xc0d07e80        0x0 linker stubs

.vfp11_veneer   0xc0d07e80        0x0
 .vfp11_veneer  0xc0d07e80        0x0 linker stubs

.v4_bx          0xc0d07e80        0x0
 .v4_bx         0xc0d07e80        0x0 linker stubs

.iplt           0xc0d07e80        0x0
 .iplt          0xc0d07e80        0x0 obj/glyphs.o

.data           0xd0000000        0x0
                0xd0000000                . = ALIGN (0x4)
                0xd0000000                _data = .
 *(vtable)
 *(.data*)
                0xd0000000                _edata = .

.igot.plt       0xd0000000        0x0
 .igot.plt      0xd0000000        0x0 obj/glyphs.o

.bss            0x20001800      0xfd0
                0x20001800                _bss = .
 *(.bss*)
 .bss.G_io_seproxyhal_spi_buffer
                0x20001800       0x80 obj/monero_ram.o
                0x20001800                G_io_seproxyhal_spi_buffer
 .bss.ux        0x20001880       0xb0 obj/monero_ram.o
                0x20001880                ux
 .bss.G_monero_vstate
                0x20001930      0x830 obj/monero_ram.o
                0x20001930                G_monero_vstate
 .bss.G_io_usb_hid_sequence_number
                0x20002160        0x4 obj/os.o
                0x20002160                G_io_usb_hid_sequence_number
 .bss.G_io_usb_hid_total_length
                0x20002164        0x4 obj/os.o
                0x20002164                G_io_usb_hid_total_length
 .bss.G_io_usb_hid_remaining_length
                0x20002168        0x4 obj/os.o
                0x20002168                G_io_usb_hid_remaining_length
 .bss.G_io_apdu_buffer
                0x2000216c      0x151 obj/os.o
                0x2000216c                G_io_apdu_buffer
 *fill*         0x200022bd        0x3 00
 .bss.G_io_usb_hid_current_buffer
                0x200022c0        0x4 obj/os.o
                0x200022c0                G_io_usb_hid_current_buffer
 .bss.G_io_usb_hid_channel
                0x200022c4        0x4 obj/os.o
                0x200022c4                G_io_usb_hid_channel
 .bss.G_io_apdu_media
                0x200022c8        0x1 obj/os_io_seproxyhal.o
                0x200022c8                G_io_apdu_media
 .bss.G_io_usb_ep_xfer_len
                0x200022c9        0x6 obj/os_io_seproxyhal.o
 *fill*         0x200022cf        0x1 00
 .bss.G_io_usb_ep_timeouts
                0x200022d0        0xc obj/os_io_seproxyhal.o
                0x200022d0                G_io_usb_ep_timeouts
 .bss.G_io_apdu_state
                0x200022dc        0x1 obj/os_io_seproxyhal.o
                0x200022dc                G_io_apdu_state
 *fill*         0x200022dd        0x1 00
 .bss.G_io_apdu_length
                0x200022de        0x2 obj/os_io_seproxyhal.o
                0x200022de                G_io_apdu_length
 .bss.G_bagl_last_touched_not_released_component
                0x200022e0        0x4 obj/os_io_seproxyhal.o
                0x200022e0                G_bagl_last_touched_not_released_component
 .bss.G_button_mask
                0x200022e4        0x4 obj/os_io_seproxyhal.o
                0x200022e4                G_button_mask
 .bss.G_button_same_mask_counter
                0x200022e8        0x4 obj/os_io_seproxyhal.o
                0x200022e8                G_button_same_mask_counter
 .bss.G_io_u2f  0x200022ec       0x38 obj/os_io_seproxyhal.o
                0x200022ec                G_io_u2f
 .bss.ux_menu   0x20002324       0x4c obj/os_io_seproxyhal.o
                0x20002324                ux_menu
 .bss.G_io_usb_ep_buffer
                0x20002370       0x40 obj/os_io_seproxyhal.o
                0x20002370                G_io_usb_ep_buffer
 .bss.ep_in_stall
                0x200023b0        0x4 obj/usbd_conf.o
                0x200023b0                ep_in_stall
 .bss.ep_out_stall
                0x200023b4        0x4 obj/usbd_conf.o
                0x200023b4                ep_out_stall
 .bss.USBD_Device
                0x200023b8      0x114 obj/usbd_core.o
                0x200023b8                USBD_Device
                0x200024cc                _ebss = .
                0x200024cc                . = ALIGN (0x4)
                0x200024cc                app_stack_canary = .
                [!provide]                PROVIDE (app_stack_canary, .)
                0x200024d0                . = (. + 0x4)
 *fill*         0x200024cc        0x4 00
                0x200024d0                _stack_validation = .
                0x200027d0                . = (_stack_validation + STACK_SIZE)
 *fill*         0x200024d0      0x300 00
                0x20002500                _stack = (ABSOLUTE (END_STACK) - STACK_SIZE)
                [!provide]                PROVIDE (_stack, (ABSOLUTE (END_STACK) - STACK_SIZE))
                0x20002800                _estack = ABSOLUTE (END_STACK)
                [!provide]                PROVIDE (_estack, ABSOLUTE (END_STACK))

DEBUG           0xd0000000        0x8
 libc.a(*)
 libm.a(*)
 libgcc.a(*)
 *(.ARM.exidx* .gnu.linkonce.armexidx.*)
 .ARM.exidx.text.monero_apdu_blind
                0xd0000000        0x0 obj/monero_blind.o
                                  0x8 (size before relaxing)
 .ARM.exidx.text.monero_unblind
                0xd0000000        0x0 obj/monero_blind.o
                                  0x8 (size before relaxing)
 .ARM.exidx.text.monero_apdu_unblind
                0xd0000000        0x0 obj/monero_blind.o
                                  0x8 (size before relaxing)
 .ARM.exidx.text.monero_apdu_gen_commitment_mask
                0xd0000000        0x0 obj/monero_blind.o
                                  0x8 (size before relaxing)
 .ARM.exidx.text.monero_aes_derive
                0xd0000000        0x0 obj/monero_crypto.o
                                  0x8 (size before relaxing)
 .ARM.exidx.text.monero_hash_init_keccak
                0xd0000000        0x0 obj/monero_crypto.o
                                  0x8 (size before relaxing)
 .ARM.exidx.text.monero_hash_update
                0xd0000000        0x0 obj/monero_crypto.o
                                  0x8 (size before relaxing)
 .ARM.exidx.text.monero_hash_final
                0xd0000000        0x0 obj/monero_crypto.o
                                  0x8 (size before relaxing)
 .ARM.exidx.text.monero_hash
                0xd0000000        0x0 obj/monero_crypto.o
                                  0x8 (size before relaxing)
 .ARM.exidx.text.monero_rng
                0xd0000000        0x0 obj/monero_crypto.o
                                  0x8 (size before relaxing)
 .ARM.exidx.text.monero_encode_varint
                0xd0000000        0x0 obj/monero_crypto.o
                                  0x8 (size before relaxing)
 .ARM.exidx.text.monero_hash_init_sha256
                0xd0000000        0x0 obj/monero_crypto.o
                                  0x8 (size before relaxing)
 .ARM.exidx.text.monero_hash_to_scalar
                0xd0000000        0x0 obj/monero_crypto.o
                                  0x8 (size before relaxing)
 .ARM.exidx.text.monero_reduce
                0xd0000000        0x0 obj/monero_crypto.o
                                  0x8 (size before relaxing)
 .ARM.exidx.text.monero_hash_to_ec
                0xd0000000        0x0 obj/monero_crypto.o
                                  0x8 (size before relaxing)
 .ARM.exidx.text.monero_ecmul_8
                0xd0000000        0x0 obj/monero_crypto.o
                                  0x8 (size before relaxing)
 .ARM.exidx.text.monero_generate_keypair
                0xd0000000        0x0 obj/monero_crypto.o
                                  0x8 (size before relaxing)
 .ARM.exidx.text.monero_ecmul_G
                0xd0000000        0x0 obj/monero_crypto.o
                                  0x8 (size before relaxing)
 .ARM.exidx.text.monero_generate_key_derivation
                0xd0000000        0x0 obj/monero_crypto.o
                                  0x8 (size before relaxing)
 .ARM.exidx.text.monero_derivation_to_scalar
                0xd0000000        0x0 obj/monero_crypto.o
                                  0x8 (size before relaxing)
 .ARM.exidx.text.monero_derive_secret_key
                0xd0000000        0x0 obj/monero_crypto.o
                                  0x8 (size before relaxing)
 .ARM.exidx.text.monero_addm
                0xd0000000        0x0 obj/monero_crypto.o
                                  0x8 (size before relaxing)
 .ARM.exidx.text.monero_derive_public_key
                0xd0000000        0x0 obj/monero_crypto.o
                                  0x8 (size before relaxing)
 .ARM.exidx.text.monero_ecadd
                0xd0000000        0x0 obj/monero_crypto.o
                                  0x8 (size before relaxing)
 .ARM.exidx.text.monero_secret_key_to_public_key
                0xd0000000        0x0 obj/monero_crypto.o
                                  0x8 (size before relaxing)
 .ARM.exidx.text.monero_generate_key_image
                0xd0000000        0x0 obj/monero_crypto.o
                                  0x8 (size before relaxing)
 .ARM.exidx.text.monero_ecmul_k
                0xd0000000        0x0 obj/monero_crypto.o
                                  0x8 (size before relaxing)
 .ARM.exidx.text.monero_derive_subaddress_public_key
                0xd0000000        0x0 obj/monero_crypto.o
                                  0x8 (size before relaxing)
 .ARM.exidx.text.monero_ecsub
                0xd0000000        0x0 obj/monero_crypto.o
                                  0x8 (size before relaxing)
 .ARM.exidx.text.monero_get_subaddress_spend_public_key
                0xd0000000        0x0 obj/monero_crypto.o
                                  0x8 (size before relaxing)
 .ARM.exidx.text.monero_get_subaddress_secret_key
                0xd0000000        0x0 obj/monero_crypto.o
                                  0x8 (size before relaxing)
 .ARM.exidx.text.monero_get_subaddress
                0xd0000000        0x0 obj/monero_crypto.o
                                  0x8 (size before relaxing)
 .ARM.exidx.text.monero_ecmul_H
                0xd0000000        0x0 obj/monero_crypto.o
                                  0x8 (size before relaxing)
 .ARM.exidx.text.monero_multm_8
                0xd0000000        0x0 obj/monero_crypto.o
                                  0x8 (size before relaxing)
 .ARM.exidx.text.monero_ecdhHash
                0xd0000000        0x0 obj/monero_crypto.o
                                  0x8 (size before relaxing)
 .ARM.exidx.text.monero_genCommitmentMask
                0xd0000000        0x0 obj/monero_crypto.o
                                  0x8 (size before relaxing)
 .ARM.exidx.text.monero_subm
                0xd0000000        0x0 obj/monero_crypto.o
                                  0x8 (size before relaxing)
 .ARM.exidx.text.monero_multm
                0xd0000000        0x0 obj/monero_crypto.o
                                  0x8 (size before relaxing)
 .ARM.exidx.text.monero_amount2str
                0xd0000000        0x0 obj/monero_crypto.o
                                  0x8 (size before relaxing)
 .ARM.exidx.text.monero_bamount2uint64
                0xd0000000        0x0 obj/monero_crypto.o
                                  0x8 (size before relaxing)
 .ARM.exidx.text.monero_vamount2uint64
                0xd0000000        0x0 obj/monero_crypto.o
                                  0x8 (size before relaxing)
 .ARM.exidx.text.monero_vamount2str
                0xd0000000        0x0 obj/monero_crypto.o
                                  0x8 (size before relaxing)
 .ARM.exidx.text.check_potocol
                0xd0000000        0x0 obj/monero_dispatch.o
                                  0x8 (size before relaxing)
 .ARM.exidx.text.check_ins_access
                0xd0000000        0x0 obj/monero_dispatch.o
                                  0x8 (size before relaxing)
 .ARM.exidx.text.monero_dispatch
                0xd0000000        0x0 obj/monero_dispatch.o
                                  0x8 (size before relaxing)
 .ARM.exidx.text.monero_init
                0xd0000000        0x0 obj/monero_init.o
                                  0x8 (size before relaxing)
 .ARM.exidx.text.monero_install
                0xd0000000        0x0 obj/monero_init.o
                                  0x8 (size before relaxing)
 .ARM.exidx.text.monero_init_private_key
                0xd0000000        0x0 obj/monero_init.o
                                  0x8 (size before relaxing)
 .ARM.exidx.text.monero_io_inserted
                0xd0000000        0x0 obj/monero_io.o
                                  0x8 (size before relaxing)
 .ARM.exidx.text.monero_io_discard
                0xd0000000        0x0 obj/monero_io.o
                                  0x8 (size before relaxing)
 .ARM.exidx.text.monero_io_hole
                0xd0000000        0x0 obj/monero_io.o
                                  0x8 (size before relaxing)
 .ARM.exidx.text.monero_io_insert
                0xd0000000        0x0 obj/monero_io.o
                                  0x8 (size before relaxing)
 .ARM.exidx.text.monero_io_insert_encrypt
                0xd0000000        0x0 obj/monero_io.o
                                  0x8 (size before relaxing)
 .ARM.exidx.text.monero_io_insert_u32
                0xd0000000        0x0 obj/monero_io.o
                                  0x8 (size before relaxing)
 .ARM.exidx.text.monero_io_insert_u16
                0xd0000000        0x0 obj/monero_io.o
                                  0x8 (size before relaxing)
 .ARM.exidx.text.monero_io_insert_u8
                0xd0000000        0x0 obj/monero_io.o
                                  0x8 (size before relaxing)
 .ARM.exidx.text.monero_io_fetch
                0xd0000000        0x0 obj/monero_io.o
                                  0x8 (size before relaxing)
 .ARM.exidx.text.monero_io_fetch_decrypt
                0xd0000000        0x0 obj/monero_io.o
                                  0x8 (size before relaxing)
 .ARM.exidx.text.monero_io_fetch_decrypt_key
                0xd0000000        0x0 obj/monero_io.o
                                  0x8 (size before relaxing)
 .ARM.exidx.text.monero_io_fetch_u32
                0xd0000000        0x0 obj/monero_io.o
                                  0x8 (size before relaxing)
 .ARM.exidx.text.monero_io_fetch_u8
                0xd0000000        0x0 obj/monero_io.o
                                  0x8 (size before relaxing)
 .ARM.exidx.text.monero_io_do
                0xd0000000        0x0 obj/monero_io.o
                                  0x8 (size before relaxing)
 .ARM.exidx.text.monero_clear_words
                0xd0000000        0x0 obj/monero_key.o
                                  0x8 (size before relaxing)
 .ARM.exidx.text.monero_apdu_manage_seedwords
                0xd0000000        0x0 obj/monero_key.o
                                  0x8 (size before relaxing)
 .ARM.exidx.text.monero_apdu_put_key
                0xd0000000        0x0 obj/monero_key.o
                                  0x8 (size before relaxing)
 .ARM.exidx.text.monero_apdu_get_key
                0xd0000000        0x0 obj/monero_key.o
                                  0x8 (size before relaxing)
 .ARM.exidx.text.monero_apdu_verify_key
                0xd0000000        0x0 obj/monero_key.o
                                  0x8 (size before relaxing)
 .ARM.exidx.text.monero_apdu_get_chacha8_prekey
                0xd0000000        0x0 obj/monero_key.o
                                  0x8 (size before relaxing)
 .ARM.exidx.text.monero_apdu_sc_add
                0xd0000000        0x0 obj/monero_key.o
                                  0x8 (size before relaxing)
 .ARM.exidx.text.monero_apdu_sc_sub
                0xd0000000        0x0 obj/monero_key.o
                                  0x8 (size before relaxing)
 .ARM.exidx.text.monero_apdu_scal_mul_key
                0xd0000000        0x0 obj/monero_key.o
                                  0x8 (size before relaxing)
 .ARM.exidx.text.monero_apdu_scal_mul_base
                0xd0000000        0x0 obj/monero_key.o
                                  0x8 (size before relaxing)
 .ARM.exidx.text.monero_apdu_generate_keypair
                0xd0000000        0x0 obj/monero_key.o
                                  0x8 (size before relaxing)
 .ARM.exidx.text.monero_apdu_secret_key_to_public_key
                0xd0000000        0x0 obj/monero_key.o
                                  0x8 (size before relaxing)
 .ARM.exidx.text.monero_apdu_generate_key_derivation
                0xd0000000        0x0 obj/monero_key.o
                                  0x8 (size before relaxing)
 .ARM.exidx.text.monero_apdu_derivation_to_scalar
                0xd0000000        0x0 obj/monero_key.o
                                  0x8 (size before relaxing)
 .ARM.exidx.text.monero_apdu_derive_public_key
                0xd0000000        0x0 obj/monero_key.o
                                  0x8 (size before relaxing)
 .ARM.exidx.text.monero_apdu_derive_secret_key
                0xd0000000        0x0 obj/monero_key.o
                                  0x8 (size before relaxing)
 .ARM.exidx.text.monero_apdu_generate_key_image
                0xd0000000        0x0 obj/monero_key.o
                                  0x8 (size before relaxing)
 .ARM.exidx.text.monero_apdu_derive_subaddress_public_key
                0xd0000000        0x0 obj/monero_key.o
                                  0x8 (size before relaxing)
 .ARM.exidx.text.monero_apdu_get_subaddress
                0xd0000000        0x0 obj/monero_key.o
                                  0x8 (size before relaxing)
 .ARM.exidx.text.monero_apdu_get_subaddress_spend_public_key
                0xd0000000        0x0 obj/monero_key.o
                                  0x8 (size before relaxing)
 .ARM.exidx.text.monero_apdu_get_subaddress_secret_key
                0xd0000000        0x0 obj/monero_key.o
                                  0x8 (size before relaxing)
 .ARM.exidx.text.monero_apu_generate_txout_keys
                0xd0000000        0x0 obj/monero_key.o
                                  0x8 (size before relaxing)
 .ARM.exidx.text.monero_main
                0xd0000000        0x0 obj/monero_main.o
                                  0x8 (size before relaxing)
 .ARM.exidx.text.io_event
                0xd0000000        0x0 obj/monero_main.o
                                  0x8 (size before relaxing)
 .ARM.exidx.text.io_exchange_al
                0xd0000000        0x0 obj/monero_main.o
                                  0x8 (size before relaxing)
 .ARM.exidx.text.app_exit
                0xd0000000        0x0 obj/monero_main.o
                                  0x8 (size before relaxing)
 .ARM.exidx.boot
                0xd0000000        0x8 obj/monero_main.o
 .ARM.exidx.text.monero_apdu_mlsag_prepare
                0xd0000008        0x0 obj/monero_mlsag.o
                                  0x8 (size before relaxing)
 .ARM.exidx.text.monero_apdu_mlsag_hash
                0xd0000008        0x0 obj/monero_mlsag.o
                                  0x8 (size before relaxing)
 .ARM.exidx.text.monero_apdu_mlsag_sign
                0xd0000008        0x0 obj/monero_mlsag.o
                                  0x8 (size before relaxing)
 .ARM.exidx.text.monero_base58_public_key
                0xd0000008        0x0 obj/monero_monero.o
                                  0x8 (size before relaxing)
 .ARM.exidx.text.encode_block
                0xd0000008        0x0 obj/monero_monero.o
                                  0x8 (size before relaxing)
 .ARM.exidx.text.monero_reset_tx
                0xd0000008        0x0 obj/monero_open_tx.o
                                  0x8 (size before relaxing)
 .ARM.exidx.text.monero_apdu_open_tx
                0xd0000008        0x0 obj/monero_open_tx.o
                                  0x8 (size before relaxing)
 .ARM.exidx.text.monero_apdu_close_tx
                0xd0000008        0x0 obj/monero_open_tx.o
                                  0x8 (size before relaxing)
 .ARM.exidx.text.monero_abort_tx
                0xd0000008        0x0 obj/monero_open_tx.o
                                  0x8 (size before relaxing)
 .ARM.exidx.text.monero_apdu_set_signature_mode
                0xd0000008        0x0 obj/monero_open_tx.o
                                  0x8 (size before relaxing)
 .ARM.exidx.text.monero_apdu_mlsag_prehash_init
                0xd0000008        0x0 obj/monero_prehash.o
                                  0x8 (size before relaxing)
 .ARM.exidx.text.monero_apdu_mlsag_prehash_update
                0xd0000008        0x0 obj/monero_prehash.o
                                  0x8 (size before relaxing)
 .ARM.exidx.text.monero_apdu_mlsag_prehash_finalize
                0xd0000008        0x0 obj/monero_prehash.o
                                  0x8 (size before relaxing)
 .ARM.exidx.text.monero_apdu_stealth
                0xd0000008        0x0 obj/monero_stealth.o
                                  0x8 (size before relaxing)
 .ARM.exidx.text.ui_menu_fee_validation_action
                0xd0000008        0x0 obj/monero_ux_nanos.o
                                  0x8 (size before relaxing)
 .ARM.exidx.text.ui_menu_fee_validation_preprocessor
                0xd0000008        0x0 obj/monero_ux_nanos.o
                                  0x8 (size before relaxing)
 .ARM.exidx.text.ui_menu_main_display
                0xd0000008        0x0 obj/monero_ux_nanos.o
                                  0x8 (size before relaxing)
 .ARM.exidx.text.ui_menu_fee_validation_display
                0xd0000008        0x0 obj/monero_ux_nanos.o
                                  0x8 (size before relaxing)
 .ARM.exidx.text.ui_menu_words_back
                0xd0000008        0x0 obj/monero_ux_nanos.o
                                  0x8 (size before relaxing)
 .ARM.exidx.text.ui_menu_words_clear
                0xd0000008        0x0 obj/monero_ux_nanos.o
                                  0x8 (size before relaxing)
 .ARM.exidx.text.ui_menu_words_preprocessor
                0xd0000008        0x0 obj/monero_ux_nanos.o
                                  0x8 (size before relaxing)
 .ARM.exidx.text.ui_menu_words_display
                0xd0000008        0x0 obj/monero_ux_nanos.o
                                  0x8 (size before relaxing)
 .ARM.exidx.text.ui_menu_validation_action
                0xd0000008        0x0 obj/monero_ux_nanos.o
                                  0x8 (size before relaxing)
 .ARM.exidx.text.ui_menu_validation_preprocessor
                0xd0000008        0x0 obj/monero_ux_nanos.o
                                  0x8 (size before relaxing)
 .ARM.exidx.text.ui_menu_validation_display
                0xd0000008        0x0 obj/monero_ux_nanos.o
                                  0x8 (size before relaxing)
 .ARM.exidx.text.ui_export_viewkey_display
                0xd0000008        0x0 obj/monero_ux_nanos.o
                                  0x8 (size before relaxing)
 .ARM.exidx.text.ui_export_viewkey_button
                0xd0000008        0x0 obj/monero_ux_nanos.o
                                  0x8 (size before relaxing)
 .ARM.exidx.text.ui_export_viewkey_prepro
                0xd0000008        0x0 obj/monero_ux_nanos.o
                                  0x8 (size before relaxing)
 .ARM.exidx.text.io_seproxyhal_display
                0xd0000008        0x0 obj/monero_ux_nanos.o
                                  0x8 (size before relaxing)
 .ARM.exidx.text.ui_menu_network_action
                0xd0000008        0x0 obj/monero_ux_nanos.o
                                  0x8 (size before relaxing)
 .ARM.exidx.text.ui_menu_network_preprocessor
                0xd0000008        0x0 obj/monero_ux_nanos.o
                                  0x8 (size before relaxing)
 .ARM.exidx.text.ui_menu_network_display
                0xd0000008        0x0 obj/monero_ux_nanos.o
                                  0x8 (size before relaxing)
 .ARM.exidx.text.ui_menu_reset_action
                0xd0000008        0x0 obj/monero_ux_nanos.o
                                  0x8 (size before relaxing)
 .ARM.exidx.text.ui_menu_pubaddr_preprocessor
                0xd0000008        0x0 obj/monero_ux_nanos.o
                                  0x8 (size before relaxing)
 .ARM.exidx.text.ui_menu_pubaddr_display
                0xd0000008        0x0 obj/monero_ux_nanos.o
                                  0x8 (size before relaxing)
 .ARM.exidx.text.ui_menu_main_preprocessor
                0xd0000008        0x0 obj/monero_ux_nanos.o
                                  0x8 (size before relaxing)
 .ARM.exidx.text.ui_init
                0xd0000008        0x0 obj/monero_ux_nanos.o
                                  0x8 (size before relaxing)
 .ARM.exidx.text.os_boot
                0xd0000008        0x0 obj/os.o
                                  0x8 (size before relaxing)
 .ARM.exidx.text.try_context_set
                0xd0000008        0x0 obj/os.o
                                  0x8 (size before relaxing)
 .ARM.exidx.text.io_usb_hid_receive
                0xd0000008        0x0 obj/os.o
                                  0x8 (size before relaxing)
 .ARM.exidx.text.os_memset
                0xd0000008        0x0 obj/os.o
                                  0x8 (size before relaxing)
 .ARM.exidx.text.os_memmove
                0xd0000008        0x0 obj/os.o
                                  0x8 (size before relaxing)
 .ARM.exidx.text.io_usb_hid_init
                0xd0000008        0x0 obj/os.o
                                  0x8 (size before relaxing)
 .ARM.exidx.text.io_usb_hid_sent
                0xd0000008        0x0 obj/os.o
                                  0x8 (size before relaxing)
 .ARM.exidx.text.io_usb_hid_send
                0xd0000008        0x0 obj/os.o
                                  0x8 (size before relaxing)
 .ARM.exidx.text.os_memcmp
                0xd0000008        0x0 obj/os.o
                                  0x8 (size before relaxing)
 .ARM.exidx.text.os_longjmp
                0xd0000008        0x0 obj/os.o
                                  0x8 (size before relaxing)
 .ARM.exidx.text.try_context_get
                0xd0000008        0x0 obj/os.o
                                  0x8 (size before relaxing)
 .ARM.exidx.text.try_context_get_previous
                0xd0000008        0x0 obj/os.o
                                  0x8 (size before relaxing)
 .ARM.exidx.text.io_seproxyhal_general_status
                0xd0000008        0x0 obj/os_io_seproxyhal.o
                                  0x8 (size before relaxing)
 .ARM.exidx.text.io_seproxyhal_handle_usb_event
                0xd0000008        0x0 obj/os_io_seproxyhal.o
                                  0x8 (size before relaxing)
 .ARM.exidx.text.io_seproxyhal_get_ep_rx_size
                0xd0000008        0x0 obj/os_io_seproxyhal.o
                                  0x8 (size before relaxing)
 .ARM.exidx.text.io_seproxyhal_handle_usb_ep_xfer_event
                0xd0000008        0x0 obj/os_io_seproxyhal.o
                                  0x8 (size before relaxing)
 .ARM.exidx.text.io_usb_send_ep
                0xd0000008        0x0 obj/os_io_seproxyhal.o
                                  0x8 (size before relaxing)
 .ARM.exidx.text.io_usb_send_apdu_data
                0xd0000008        0x0 obj/os_io_seproxyhal.o
                                  0x8 (size before relaxing)
 .ARM.exidx.text.io_seproxyhal_handle_capdu_event
                0xd0000008        0x0 obj/os_io_seproxyhal.o
                                  0x8 (size before relaxing)
 .ARM.exidx.text.io_seproxyhal_handle_event
                0xd0000008        0x0 obj/os_io_seproxyhal.o
                                  0x8 (size before relaxing)
 .ARM.exidx.text.io_seproxyhal_init
                0xd0000008        0x0 obj/os_io_seproxyhal.o
                                  0x8 (size before relaxing)
 .ARM.exidx.text.io_seproxyhal_init_ux
                0xd0000008        0x0 obj/os_io_seproxyhal.o
                                  0x8 (size before relaxing)
 .ARM.exidx.text.io_seproxyhal_init_button
                0xd0000008        0x0 obj/os_io_seproxyhal.o
                                  0x8 (size before relaxing)
 .ARM.exidx.text.io_seproxyhal_touch_out
                0xd0000008        0x0 obj/os_io_seproxyhal.o
                                  0x8 (size before relaxing)
 .ARM.exidx.text.io_seproxyhal_touch_over
                0xd0000008        0x0 obj/os_io_seproxyhal.o
                                  0x8 (size before relaxing)
 .ARM.exidx.text.io_seproxyhal_touch_tap
                0xd0000008        0x0 obj/os_io_seproxyhal.o
                                  0x8 (size before relaxing)
 .ARM.exidx.text.io_seproxyhal_touch_element_callback
                0xd0000008        0x0 obj/os_io_seproxyhal.o
                                  0x8 (size before relaxing)
 .ARM.exidx.text.io_seproxyhal_display_icon
                0xd0000008        0x0 obj/os_io_seproxyhal.o
                                  0x8 (size before relaxing)
 .ARM.exidx.text.io_seproxyhal_display_default
                0xd0000008        0x0 obj/os_io_seproxyhal.o
                                  0x8 (size before relaxing)
 .ARM.exidx.text.io_seproxyhal_button_push
                0xd0000008        0x0 obj/os_io_seproxyhal.o
                                  0x8 (size before relaxing)
 .ARM.exidx.text.os_io_seproxyhal_get_app_name_and_version
                0xd0000008        0x0 obj/os_io_seproxyhal.o
                                  0x8 (size before relaxing)
 .ARM.exidx.text.io_exchange
                0xd0000008        0x0 obj/os_io_seproxyhal.o
                                  0x8 (size before relaxing)
 .ARM.exidx.text.ux_menu_element_preprocessor
                0xd0000008        0x0 obj/os_io_seproxyhal.o
                                  0x8 (size before relaxing)
 .ARM.exidx.text.ux_menu_elements_button
                0xd0000008        0x0 obj/os_io_seproxyhal.o
                                  0x8 (size before relaxing)
 .ARM.exidx.text.ux_menu_display
                0xd0000008        0x0 obj/os_io_seproxyhal.o
                                  0x8 (size before relaxing)
 .ARM.exidx.text.ux_check_status_default
                0xd0000008        0x0 obj/os_io_seproxyhal.o
                                  0x8 (size before relaxing)
 .ARM.exidx.text.pic
                0xd0000008        0x0 obj/pic.o
                                  0x8 (size before relaxing)
 .ARM.exidx.text.pic_internal
                0xd0000008        0x0 obj/pic_internal.o
                                  0x8 (size before relaxing)
 .ARM.exidx.text.SVC_Call
                0xd0000008        0x0 obj/syscalls.o
                                  0x8 (size before relaxing)
 .ARM.exidx.text.check_api_level
                0xd0000008        0x0 obj/syscalls.o
                                  0x8 (size before relaxing)
 .ARM.exidx.text.reset
                0xd0000008        0x0 obj/syscalls.o
                                  0x8 (size before relaxing)
 .ARM.exidx.text.nvm_write
                0xd0000008        0x0 obj/syscalls.o
                                  0x8 (size before relaxing)
 .ARM.exidx.text.cx_rng
                0xd0000008        0x0 obj/syscalls.o
                                  0x8 (size before relaxing)
 .ARM.exidx.text.cx_hash
                0xd0000008        0x0 obj/syscalls.o
                                  0x8 (size before relaxing)
 .ARM.exidx.text.cx_sha256_init
                0xd0000008        0x0 obj/syscalls.o
                                  0x8 (size before relaxing)
 .ARM.exidx.text.cx_keccak_init
                0xd0000008        0x0 obj/syscalls.o
                                  0x8 (size before relaxing)
 .ARM.exidx.text.cx_aes_init_key
                0xd0000008        0x0 obj/syscalls.o
                                  0x8 (size before relaxing)
 .ARM.exidx.text.cx_ecfp_add_point
                0xd0000008        0x0 obj/syscalls.o
                                  0x8 (size before relaxing)
 .ARM.exidx.text.cx_ecfp_scalar_mult
                0xd0000008        0x0 obj/syscalls.o
                                  0x8 (size before relaxing)
 .ARM.exidx.text.cx_edward_compress_point
                0xd0000008        0x0 obj/syscalls.o
                                  0x8 (size before relaxing)
 .ARM.exidx.text.cx_edward_decompress_point
                0xd0000008        0x0 obj/syscalls.o
                                  0x8 (size before relaxing)
 .ARM.exidx.text.cx_math_is_zero
                0xd0000008        0x0 obj/syscalls.o
                                  0x8 (size before relaxing)
 .ARM.exidx.text.cx_math_addm
                0xd0000008        0x0 obj/syscalls.o
                                  0x8 (size before relaxing)
 .ARM.exidx.text.cx_math_subm
                0xd0000008        0x0 obj/syscalls.o
                                  0x8 (size before relaxing)
 .ARM.exidx.text.cx_math_multm
                0xd0000008        0x0 obj/syscalls.o
                                  0x8 (size before relaxing)
 .ARM.exidx.text.cx_math_powm
                0xd0000008        0x0 obj/syscalls.o
                                  0x8 (size before relaxing)
 .ARM.exidx.text.cx_math_modm
                0xd0000008        0x0 obj/syscalls.o
                                  0x8 (size before relaxing)
 .ARM.exidx.text.cx_math_invprimem
                0xd0000008        0x0 obj/syscalls.o
                                  0x8 (size before relaxing)
 .ARM.exidx.text.os_perso_derive_node_bip32
                0xd0000008        0x0 obj/syscalls.o
                                  0x8 (size before relaxing)
 .ARM.exidx.text.os_global_pin_is_validated
                0xd0000008        0x0 obj/syscalls.o
                                  0x8 (size before relaxing)
 .ARM.exidx.text.os_sched_exit
                0xd0000008        0x0 obj/syscalls.o
                                  0x8 (size before relaxing)
 .ARM.exidx.text.os_ux
                0xd0000008        0x0 obj/syscalls.o
                                  0x8 (size before relaxing)
 .ARM.exidx.text.os_flags
                0xd0000008        0x0 obj/syscalls.o
                                  0x8 (size before relaxing)
 .ARM.exidx.text.os_registry_get_current_app_tag
                0xd0000008        0x0 obj/syscalls.o
                                  0x8 (size before relaxing)
 .ARM.exidx.text.io_seproxyhal_spi_send
                0xd0000008        0x0 obj/syscalls.o
                                  0x8 (size before relaxing)
 .ARM.exidx.text.io_seproxyhal_spi_is_status_sent
                0xd0000008        0x0 obj/syscalls.o
                                  0x8 (size before relaxing)
 .ARM.exidx.text.io_seproxyhal_spi_recv
                0xd0000008        0x0 obj/syscalls.o
                                  0x8 (size before relaxing)
 .ARM.exidx.text.u2f_apdu_sign
                0xd0000008        0x0 obj/u2f_impl.o
                                  0x8 (size before relaxing)
 .ARM.exidx.text.u2f_handle_cmd_init
                0xd0000008        0x0 obj/u2f_impl.o
                                  0x8 (size before relaxing)
 .ARM.exidx.text.u2f_handle_cmd_msg
                0xd0000008        0x0 obj/u2f_impl.o
                                  0x8 (size before relaxing)
 .ARM.exidx.text.u2f_message_complete
                0xd0000008        0x0 obj/u2f_impl.o
                                  0x8 (size before relaxing)
 .ARM.exidx.text.u2f_io_send
                0xd0000008        0x0 obj/u2f_io.o
                                  0x8 (size before relaxing)
 .ARM.exidx.text.u2f_transport_init
                0xd0000008        0x0 obj/u2f_transport.o
                                  0x8 (size before relaxing)
 .ARM.exidx.text.u2f_transport_sent
                0xd0000008        0x0 obj/u2f_transport.o
                                  0x8 (size before relaxing)
 .ARM.exidx.text.u2f_transport_received
                0xd0000008        0x0 obj/u2f_transport.o
                                  0x8 (size before relaxing)
 .ARM.exidx.text.u2f_is_channel_broadcast
                0xd0000008        0x0 obj/u2f_transport.o
                                  0x8 (size before relaxing)
 .ARM.exidx.text.u2f_message_reply
                0xd0000008        0x0 obj/u2f_transport.o
                                  0x8 (size before relaxing)
 .ARM.exidx.text.USBD_LL_Init
                0xd0000008        0x0 obj/usbd_conf.o
                                  0x8 (size before relaxing)
 .ARM.exidx.text.USBD_LL_DeInit
                0xd0000008        0x0 obj/usbd_conf.o
                                  0x8 (size before relaxing)
 .ARM.exidx.text.USBD_LL_Start
                0xd0000008        0x0 obj/usbd_conf.o
                                  0x8 (size before relaxing)
 .ARM.exidx.text.USBD_LL_Stop
                0xd0000008        0x0 obj/usbd_conf.o
                                  0x8 (size before relaxing)
 .ARM.exidx.text.USBD_LL_OpenEP
                0xd0000008        0x0 obj/usbd_conf.o
                                  0x8 (size before relaxing)
 .ARM.exidx.text.USBD_LL_CloseEP
                0xd0000008        0x0 obj/usbd_conf.o
                                  0x8 (size before relaxing)
 .ARM.exidx.text.USBD_LL_StallEP
                0xd0000008        0x0 obj/usbd_conf.o
                                  0x8 (size before relaxing)
 .ARM.exidx.text.USBD_LL_ClearStallEP
                0xd0000008        0x0 obj/usbd_conf.o
                                  0x8 (size before relaxing)
 .ARM.exidx.text.USBD_LL_IsStallEP
                0xd0000008        0x0 obj/usbd_conf.o
                                  0x8 (size before relaxing)
 .ARM.exidx.text.USBD_LL_SetUSBAddress
                0xd0000008        0x0 obj/usbd_conf.o
                                  0x8 (size before relaxing)
 .ARM.exidx.text.USBD_LL_Transmit
                0xd0000008        0x0 obj/usbd_conf.o
                                  0x8 (size before relaxing)
 .ARM.exidx.text.USBD_LL_PrepareReceive
                0xd0000008        0x0 obj/usbd_conf.o
                                  0x8 (size before relaxing)
 .ARM.exidx.text.USBD_Init
                0xd0000008        0x0 obj/usbd_core.o
                                  0x8 (size before relaxing)
 .ARM.exidx.text.USBD_DeInit
                0xd0000008        0x0 obj/usbd_core.o
                                  0x8 (size before relaxing)
 .ARM.exidx.text.USBD_RegisterClassForInterface
                0xd0000008        0x0 obj/usbd_core.o
                                  0x8 (size before relaxing)
 .ARM.exidx.text.USBD_Start
                0xd0000008        0x0 obj/usbd_core.o
                                  0x8 (size before relaxing)
 .ARM.exidx.text.USBD_SetClassConfig
                0xd0000008        0x0 obj/usbd_core.o
                                  0x8 (size before relaxing)
 .ARM.exidx.text.USBD_ClrClassConfig
                0xd0000008        0x0 obj/usbd_core.o
                                  0x8 (size before relaxing)
 .ARM.exidx.text.USBD_LL_SetupStage
                0xd0000008        0x0 obj/usbd_core.o
                                  0x8 (size before relaxing)
 .ARM.exidx.text.USBD_LL_DataOutStage
                0xd0000008        0x0 obj/usbd_core.o
                                  0x8 (size before relaxing)
 .ARM.exidx.text.USBD_LL_DataInStage
                0xd0000008        0x0 obj/usbd_core.o
                                  0x8 (size before relaxing)
 .ARM.exidx.text.USBD_LL_Reset
                0xd0000008        0x0 obj/usbd_core.o
                                  0x8 (size before relaxing)
 .ARM.exidx.text.USBD_LL_SetSpeed
                0xd0000008        0x0 obj/usbd_core.o
                                  0x8 (size before relaxing)
 .ARM.exidx.text.USBD_LL_Suspend
                0xd0000008        0x0 obj/usbd_core.o
                                  0x8 (size before relaxing)
 .ARM.exidx.text.USBD_LL_Resume
                0xd0000008        0x0 obj/usbd_core.o
                                  0x8 (size before relaxing)
 .ARM.exidx.text.USBD_LL_SOF
                0xd0000008        0x0 obj/usbd_core.o
                                  0x8 (size before relaxing)
 .ARM.exidx.text.usbd_is_valid_intf
                0xd0000008        0x0 obj/usbd_ctlreq.o
                                  0x8 (size before relaxing)
 .ARM.exidx.text.USBD_StdDevReq
                0xd0000008        0x0 obj/usbd_ctlreq.o
                                  0x8 (size before relaxing)
 .ARM.exidx.text.USBD_GetDescriptor
                0xd0000008        0x0 obj/usbd_ctlreq.o
                                  0x8 (size before relaxing)